Archive member included to satisfy reference by file (symbol)

/usr/lib/gcc/arm-none-eabi/9.2.1/../../../arm-none-eabi/lib/thumb/v6-m/nofp/libc_nano.a(lib_a-atexit.o)
                              /usr/lib/gcc/arm-none-eabi/9.2.1/../../../arm-none-eabi/lib/thumb/v6-m/nofp/crt0.o (atexit)
/usr/lib/gcc/arm-none-eabi/9.2.1/../../../arm-none-eabi/lib/thumb/v6-m/nofp/libc_nano.a(lib_a-exit.o)
                              /usr/lib/gcc/arm-none-eabi/9.2.1/../../../arm-none-eabi/lib/thumb/v6-m/nofp/crt0.o (exit)
/usr/lib/gcc/arm-none-eabi/9.2.1/../../../arm-none-eabi/lib/thumb/v6-m/nofp/libc_nano.a(lib_a-fini.o)
                              /usr/lib/gcc/arm-none-eabi/9.2.1/../../../arm-none-eabi/lib/thumb/v6-m/nofp/crt0.o (__libc_fini_array)
/usr/lib/gcc/arm-none-eabi/9.2.1/../../../arm-none-eabi/lib/thumb/v6-m/nofp/libc_nano.a(lib_a-impure.o)
                              /usr/lib/gcc/arm-none-eabi/9.2.1/../../../arm-none-eabi/lib/thumb/v6-m/nofp/libc_nano.a(lib_a-exit.o) (_global_impure_ptr)
/usr/lib/gcc/arm-none-eabi/9.2.1/../../../arm-none-eabi/lib/thumb/v6-m/nofp/libc_nano.a(lib_a-init.o)
                              /usr/lib/gcc/arm-none-eabi/9.2.1/../../../arm-none-eabi/lib/thumb/v6-m/nofp/crt0.o (__libc_init_array)
/usr/lib/gcc/arm-none-eabi/9.2.1/../../../arm-none-eabi/lib/thumb/v6-m/nofp/libc_nano.a(lib_a-malloc.o)
                              build/usbd_hid.o (malloc)
/usr/lib/gcc/arm-none-eabi/9.2.1/../../../arm-none-eabi/lib/thumb/v6-m/nofp/libc_nano.a(lib_a-memcpy-stub.o)
                              build/usbd_hid.o (memcpy)
/usr/lib/gcc/arm-none-eabi/9.2.1/../../../arm-none-eabi/lib/thumb/v6-m/nofp/libc_nano.a(lib_a-memset.o)
                              /usr/lib/gcc/arm-none-eabi/9.2.1/../../../arm-none-eabi/lib/thumb/v6-m/nofp/crt0.o (memset)
/usr/lib/gcc/arm-none-eabi/9.2.1/../../../arm-none-eabi/lib/thumb/v6-m/nofp/libc_nano.a(lib_a-nano-freer.o)
                              /usr/lib/gcc/arm-none-eabi/9.2.1/../../../arm-none-eabi/lib/thumb/v6-m/nofp/libc_nano.a(lib_a-malloc.o) (_free_r)
/usr/lib/gcc/arm-none-eabi/9.2.1/../../../arm-none-eabi/lib/thumb/v6-m/nofp/libc_nano.a(lib_a-nano-mallocr.o)
                              /usr/lib/gcc/arm-none-eabi/9.2.1/../../../arm-none-eabi/lib/thumb/v6-m/nofp/libc_nano.a(lib_a-malloc.o) (_malloc_r)
/usr/lib/gcc/arm-none-eabi/9.2.1/../../../arm-none-eabi/lib/thumb/v6-m/nofp/libc_nano.a(lib_a-sbrkr.o)
                              /usr/lib/gcc/arm-none-eabi/9.2.1/../../../arm-none-eabi/lib/thumb/v6-m/nofp/libc_nano.a(lib_a-nano-mallocr.o) (_sbrk_r)
/usr/lib/gcc/arm-none-eabi/9.2.1/../../../arm-none-eabi/lib/thumb/v6-m/nofp/libc_nano.a(lib_a-__atexit.o)
                              /usr/lib/gcc/arm-none-eabi/9.2.1/../../../arm-none-eabi/lib/thumb/v6-m/nofp/libc_nano.a(lib_a-atexit.o) (__register_exitproc)
/usr/lib/gcc/arm-none-eabi/9.2.1/../../../arm-none-eabi/lib/thumb/v6-m/nofp/libc_nano.a(lib_a-__call_atexit.o)
                              /usr/lib/gcc/arm-none-eabi/9.2.1/../../../arm-none-eabi/lib/thumb/v6-m/nofp/libc_nano.a(lib_a-__atexit.o) (__call_exitprocs)
/usr/lib/gcc/arm-none-eabi/9.2.1/../../../arm-none-eabi/lib/thumb/v6-m/nofp/libc_nano.a(lib_a-mlock.o)
                              /usr/lib/gcc/arm-none-eabi/9.2.1/../../../arm-none-eabi/lib/thumb/v6-m/nofp/libc_nano.a(lib_a-nano-freer.o) (__malloc_lock)
/usr/lib/gcc/arm-none-eabi/9.2.1/../../../arm-none-eabi/lib/thumb/v6-m/nofp/libc_nano.a(lib_a-reent.o)
                              /usr/lib/gcc/arm-none-eabi/9.2.1/../../../arm-none-eabi/lib/thumb/v6-m/nofp/libc_nano.a(lib_a-sbrkr.o) (errno)
/usr/lib/gcc/arm-none-eabi/9.2.1/../../../arm-none-eabi/lib/thumb/v6-m/nofp/libnosys.a(sbrk.o)
                              /usr/lib/gcc/arm-none-eabi/9.2.1/../../../arm-none-eabi/lib/thumb/v6-m/nofp/libc_nano.a(lib_a-sbrkr.o) (_sbrk)
/usr/lib/gcc/arm-none-eabi/9.2.1/../../../arm-none-eabi/lib/thumb/v6-m/nofp/libnosys.a(_exit.o)
                              /usr/lib/gcc/arm-none-eabi/9.2.1/../../../arm-none-eabi/lib/thumb/v6-m/nofp/libc_nano.a(lib_a-exit.o) (_exit)
/usr/lib/gcc/arm-none-eabi/9.2.1/thumb/v6-m/nofp/libgcc.a(_udivsi3.o)
                              build/stm32f0xx_hal_rcc.o (__aeabi_uidiv)
/usr/lib/gcc/arm-none-eabi/9.2.1/thumb/v6-m/nofp/libgcc.a(_dvmd_tls.o)
                              /usr/lib/gcc/arm-none-eabi/9.2.1/thumb/v6-m/nofp/libgcc.a(_udivsi3.o) (__aeabi_idiv0)

Allocating common symbols
Common symbol       size              file

hUsbDeviceFS        0x224             build/usb_device.o
hdma_tim1_ch1       0x44              build/main.o
hdma_tim1_ch3_up    0x44              build/main.o
OutData             0x8               build/usbd_hid.o
errno               0x4               /usr/lib/gcc/arm-none-eabi/9.2.1/../../../arm-none-eabi/lib/thumb/v6-m/nofp/libc_nano.a(lib_a-reent.o)
uwTick              0x4               build/stm32f0xx_hal.o
pFlash              0x20              build/stm32f0xx_hal_flash.o
nOutData            0x4               build/usbd_hid.o
[...]
Memory Configuration

Name             Origin             Length             Attributes
RAM              0x0000000020000000 0x0000000000001800 xrw
FLASH            0x0000000008000000 0x0000000000008000 xr
*default*        0x0000000000000000 0xffffffffffffffff

Linker script and memory map

LOAD /usr/lib/gcc/arm-none-eabi/9.2.1/thumb/v6-m/nofp/crti.o
LOAD /usr/lib/gcc/arm-none-eabi/9.2.1/thumb/v6-m/nofp/crtbegin.o
LOAD /usr/lib/gcc/arm-none-eabi/9.2.1/../../../arm-none-eabi/lib/thumb/v6-m/nofp/crt0.o
LOAD build/main.o
LOAD build/stm32f0xx_it.o
LOAD build/stm32f0xx_hal_msp.o
LOAD build/stm32f0xx_ll_usb.o
LOAD build/stm32f0xx_hal_pcd.o
LOAD build/stm32f0xx_hal_pcd_ex.o
LOAD build/stm32f0xx_hal_rcc.o
LOAD build/stm32f0xx_hal_rcc_ex.o
LOAD build/stm32f0xx_hal.o
LOAD build/stm32f0xx_hal_i2c.o
LOAD build/stm32f0xx_hal_i2c_ex.o
LOAD build/stm32f0xx_hal_gpio.o
LOAD build/stm32f0xx_hal_dma.o
LOAD build/stm32f0xx_hal_cortex.o
LOAD build/stm32f0xx_hal_pwr.o
LOAD build/stm32f0xx_hal_pwr_ex.o
LOAD build/stm32f0xx_hal_flash.o
LOAD build/stm32f0xx_hal_flash_ex.o
LOAD build/stm32f0xx_hal_exti.o
LOAD build/stm32f0xx_hal_tim.o
LOAD build/stm32f0xx_hal_tim_ex.o
LOAD build/system_stm32f0xx.o
LOAD build/usbd_core.o
LOAD build/usbd_ctlreq.o
LOAD build/usbd_ioreq.o
LOAD build/usb_device.o
LOAD build/usbd_conf.o
LOAD build/usbd_desc.o
LOAD build/usbd_hid.o
LOAD build/startup_stm32f042x6.o
LOAD /usr/lib/gcc/arm-none-eabi/9.2.1/../../../arm-none-eabi/lib/thumb/v6-m/nofp/libc_nano.a
LOAD /usr/lib/gcc/arm-none-eabi/9.2.1/../../../arm-none-eabi/lib/thumb/v6-m/nofp/libm.a
LOAD /usr/lib/gcc/arm-none-eabi/9.2.1/../../../arm-none-eabi/lib/thumb/v6-m/nofp/libnosys.a
START GROUP
LOAD /usr/lib/gcc/arm-none-eabi/9.2.1/thumb/v6-m/nofp/libgcc.a
LOAD /usr/lib/gcc/arm-none-eabi/9.2.1/../../../arm-none-eabi/lib/thumb/v6-m/nofp/libc_nano.a
END GROUP
START GROUP
LOAD /usr/lib/gcc/arm-none-eabi/9.2.1/thumb/v6-m/nofp/libgcc.a
LOAD /usr/lib/gcc/arm-none-eabi/9.2.1/../../../arm-none-eabi/lib/thumb/v6-m/nofp/libc_nano.a
END GROUP
LOAD /usr/lib/gcc/arm-none-eabi/9.2.1/thumb/v6-m/nofp/crtend.o
LOAD /usr/lib/gcc/arm-none-eabi/9.2.1/thumb/v6-m/nofp/crtn.o
                0x0000000020001800                _estack = 0x20001800
                0x0000000000000200                _Min_Heap_Size = 0x200
                0x0000000000000400                _Min_Stack_Size = 0x400

.isr_vector     0x0000000008000000       0xc0
                0x0000000008000000                . = ALIGN (0x4)
 *(.isr_vector)
 .isr_vector    0x0000000008000000       0xc0 build/startup_stm32f042x6.o
                0x0000000008000000                g_pfnVectors
                0x00000000080000c0                . = ALIGN (0x4)

.text           0x00000000080000c0     0x4410
                0x00000000080000c0                . = ALIGN (0x4)
 *(.text)
 .text          0x00000000080000c0       0x98 /usr/lib/gcc/arm-none-eabi/9.2.1/thumb/v6-m/nofp/crtbegin.o
 .text          0x0000000008000158       0x44 /usr/lib/gcc/arm-none-eabi/9.2.1/../../../arm-none-eabi/lib/thumb/v6-m/nofp/libc_nano.a(lib_a-init.o)
                0x0000000008000158                __libc_init_array
 .text          0x000000000800019c       0x28 /usr/lib/gcc/arm-none-eabi/9.2.1/../../../arm-none-eabi/lib/thumb/v6-m/nofp/libc_nano.a(lib_a-malloc.o)
                0x000000000800019c                malloc
                0x00000000080001b0                free
 .text          0x00000000080001c4       0xa8 /usr/lib/gcc/arm-none-eabi/9.2.1/../../../arm-none-eabi/lib/thumb/v6-m/nofp/libc_nano.a(lib_a-memcpy-stub.o)
                0x00000000080001c4                memcpy
 .text          0x000000000800026c       0xa8 /usr/lib/gcc/arm-none-eabi/9.2.1/../../../arm-none-eabi/lib/thumb/v6-m/nofp/libc_nano.a(lib_a-memset.o)
                0x000000000800026c                memset
 .text          0x0000000008000314       0xac /usr/lib/gcc/arm-none-eabi/9.2.1/../../../arm-none-eabi/lib/thumb/v6-m/nofp/libc_nano.a(lib_a-nano-freer.o)
                0x0000000008000314                _free_r
 .text          0x00000000080003c0       0xcc /usr/lib/gcc/arm-none-eabi/9.2.1/../../../arm-none-eabi/lib/thumb/v6-m/nofp/libc_nano.a(lib_a-nano-mallocr.o)
                0x00000000080003c0                _malloc_r
 .text          0x000000000800048c       0x24 /usr/lib/gcc/arm-none-eabi/9.2.1/../../../arm-none-eabi/lib/thumb/v6-m/nofp/libc_nano.a(lib_a-sbrkr.o)
                0x000000000800048c                _sbrk_r
 .text          0x00000000080004b0        0x8 /usr/lib/gcc/arm-none-eabi/9.2.1/../../../arm-none-eabi/lib/thumb/v6-m/nofp/libc_nano.a(lib_a-mlock.o)
                0x00000000080004b0                __malloc_lock
                0x00000000080004b4                __malloc_unlock
 .text          0x00000000080004b8       0x1c /usr/lib/gcc/arm-none-eabi/9.2.1/../../../arm-none-eabi/lib/thumb/v6-m/nofp/libnosys.a(sbrk.o)
                0x00000000080004b8                _sbrk
 .text          0x00000000080004d4      0x114 /usr/lib/gcc/arm-none-eabi/9.2.1/thumb/v6-m/nofp/libgcc.a(_udivsi3.o)
                0x00000000080004d4                __udivsi3
                0x00000000080004d4                __aeabi_uidiv
                0x00000000080005e0                __aeabi_uidivmod
 .text          0x00000000080005e8        0x4 /usr/lib/gcc/arm-none-eabi/9.2.1/thumb/v6-m/nofp/libgcc.a(_dvmd_tls.o)
                0x00000000080005e8                __aeabi_ldiv0
                0x00000000080005e8                __aeabi_idiv0
 *(.text*)
 .text.MX_GPIO_Init
                0x00000000080005ec       0x80 build/main.o
 .text.run_bootloader
                0x000000000800066c       0x74 build/main.o
                0x000000000800066c                run_bootloader
 .text.check_bootloader
                0x00000000080006e0       0x78 build/main.o
                0x00000000080006e0                check_bootloader
 .text.SystemClock_Config
                0x0000000008000758       0x58 build/main.o
                0x0000000008000758                SystemClock_Config
 .text.main     0x00000000080007b0       0xc8 build/main.o
                0x00000000080007b0                main
 .text.NMI_Handler
                0x0000000008000878        0x2 build/stm32f0xx_it.o
                0x0000000008000878                NMI_Handler
 .text.HardFault_Handler
                0x000000000800087a        0x2 build/stm32f0xx_it.o
                0x000000000800087a                HardFault_Handler
 .text.SVC_Handler
                0x000000000800087c        0x2 build/stm32f0xx_it.o
                0x000000000800087c                SVC_Handler
 .text.PendSV_Handler
                0x000000000800087e        0x2 build/stm32f0xx_it.o
                0x000000000800087e                PendSV_Handler
 .text.SysTick_Handler
                0x0000000008000880        0x8 build/stm32f0xx_it.o
                0x0000000008000880                SysTick_Handler
 .text.DMA1_Channel2_3_IRQHandler
                0x0000000008000888       0x10 build/stm32f0xx_it.o
                0x0000000008000888                DMA1_Channel2_3_IRQHandler
 .text.DMA1_Channel4_5_IRQHandler
                0x0000000008000898       0x10 build/stm32f0xx_it.o
                0x0000000008000898                DMA1_Channel4_5_IRQHandler
 .text.TIM1_BRK_UP_TRG_COM_IRQHandler
                0x00000000080008a8       0x10 build/stm32f0xx_it.o
                0x00000000080008a8                TIM1_BRK_UP_TRG_COM_IRQHandler
 .text.TIM1_CC_IRQHandler
                0x00000000080008b8       0x10 build/stm32f0xx_it.o
                0x00000000080008b8                TIM1_CC_IRQHandler
 .text.USB_IRQHandler
                0x00000000080008c8       0x10 build/stm32f0xx_it.o
                0x00000000080008c8                USB_IRQHandler
 .text.HAL_MspInit
                0x00000000080008d8       0x30 build/stm32f0xx_hal_msp.o
                0x00000000080008d8                HAL_MspInit
 .text.USB_EnableGlobalInt
                0x0000000008000908       0x14 build/stm32f0xx_ll_usb.o
                0x0000000008000908                USB_EnableGlobalInt
 .text.USB_DisableGlobalInt
                0x000000000800091c       0x14 build/stm32f0xx_ll_usb.o
                0x000000000800091c                USB_DisableGlobalInt
 .text.USB_DevInit
                0x0000000008000930       0x20 build/stm32f0xx_ll_usb.o
                0x0000000008000930                USB_DevInit
 .text.USB_ActivateEndpoint
                0x0000000008000950      0x308 build/stm32f0xx_ll_usb.o
                0x0000000008000950                USB_ActivateEndpoint
 .text.USB_DeactivateEndpoint
                0x0000000008000c58      0x170 build/stm32f0xx_ll_usb.o
                0x0000000008000c58                USB_DeactivateEndpoint
 .text.USB_EPSetStall
                0x0000000008000dc8       0x4c build/stm32f0xx_ll_usb.o
                0x0000000008000dc8                USB_EPSetStall
 .text.USB_EPClearStall
                0x0000000008000e14       0x9c build/stm32f0xx_ll_usb.o
                0x0000000008000e14                USB_EPClearStall
 .text.USB_SetDevAddress
                0x0000000008000eb0        0xe build/stm32f0xx_ll_usb.o
                0x0000000008000eb0                USB_SetDevAddress
 *fill*         0x0000000008000ebe        0x2 
 .text.USB_DevConnect
                0x0000000008000ec0       0x14 build/stm32f0xx_ll_usb.o
                0x0000000008000ec0                USB_DevConnect
 .text.USB_ReadInterrupts
                0x0000000008000ed4        0x8 build/stm32f0xx_ll_usb.o
                0x0000000008000ed4                USB_ReadInterrupts
 .text.USB_WritePMA
                0x0000000008000edc       0x28 build/stm32f0xx_ll_usb.o
                0x0000000008000edc                USB_WritePMA
 .text.USB_EPStartXfer
                0x0000000008000f04      0x6e0 build/stm32f0xx_ll_usb.o
                0x0000000008000f04                USB_EPStartXfer
 .text.USB_ReadPMA
                0x00000000080015e4       0x2c build/stm32f0xx_ll_usb.o
                0x00000000080015e4                USB_ReadPMA
 .text.HAL_PCD_EP_DB_Receive
                0x0000000008001610      0x118 build/stm32f0xx_hal_pcd.o
 .text.HAL_PCD_Init
                0x0000000008001728       0xe4 build/stm32f0xx_hal_pcd.o
                0x0000000008001728                HAL_PCD_Init
 .text.HAL_PCD_Start
                0x000000000800180c       0x2e build/stm32f0xx_hal_pcd.o
                0x000000000800180c                HAL_PCD_Start
 *fill*         0x000000000800183a        0x2 
 .text.HAL_PCD_EP_DB_Transmit
                0x000000000800183c      0x3dc build/stm32f0xx_hal_pcd.o
 .text.PCD_EP_ISR_Handler
                0x0000000008001c18      0x550 build/stm32f0xx_hal_pcd.o
 .text.HAL_PCD_SetAddress
                0x0000000008002168       0x2c build/stm32f0xx_hal_pcd.o
                0x0000000008002168                HAL_PCD_SetAddress
 .text.HAL_PCD_IRQHandler
                0x0000000008002194      0x1a8 build/stm32f0xx_hal_pcd.o
                0x0000000008002194                HAL_PCD_IRQHandler
 .text.HAL_PCD_EP_Open
                0x000000000800233c       0x7e build/stm32f0xx_hal_pcd.o
                0x000000000800233c                HAL_PCD_EP_Open
 .text.HAL_PCD_EP_Close
                0x00000000080023ba       0x68 build/stm32f0xx_hal_pcd.o
                0x00000000080023ba                HAL_PCD_EP_Close
 .text.HAL_PCD_EP_Receive
                0x0000000008002422       0x56 build/stm32f0xx_hal_pcd.o
                0x0000000008002422                HAL_PCD_EP_Receive
 .text.HAL_PCD_EP_GetRxCount
                0x0000000008002478       0x14 build/stm32f0xx_hal_pcd.o
                0x0000000008002478                HAL_PCD_EP_GetRxCount
 .text.HAL_PCD_EP_Transmit
                0x000000000800248c       0x5c build/stm32f0xx_hal_pcd.o
                0x000000000800248c                HAL_PCD_EP_Transmit
 .text.HAL_PCD_EP_SetStall
                0x00000000080024e8       0x6e build/stm32f0xx_hal_pcd.o
                0x00000000080024e8                HAL_PCD_EP_SetStall
 .text.HAL_PCD_EP_ClrStall
                0x0000000008002556       0x7a build/stm32f0xx_hal_pcd.o
                0x0000000008002556                HAL_PCD_EP_ClrStall
 .text.HAL_PCDEx_PMAConfig
                0x00000000080025d0       0x3a build/stm32f0xx_hal_pcd_ex.o
                0x00000000080025d0                HAL_PCDEx_PMAConfig
 .text.HAL_PCDEx_ActivateLPM
                0x000000000800260a       0x2a build/stm32f0xx_hal_pcd_ex.o
                0x000000000800260a                HAL_PCDEx_ActivateLPM
 .text.HAL_PCDEx_LPM_Callback
                0x0000000008002634        0x2 build/stm32f0xx_hal_pcd_ex.o
                0x0000000008002634                HAL_PCDEx_LPM_Callback
 *fill*         0x0000000008002636        0x2 
 .text.HAL_RCC_DeInit
                0x0000000008002638       0xcc build/stm32f0xx_hal_rcc.o
                0x0000000008002638                HAL_RCC_DeInit
 .text.HAL_RCC_OscConfig
                0x0000000008002704      0x544 build/stm32f0xx_hal_rcc.o
                0x0000000008002704                HAL_RCC_OscConfig
 .text.HAL_RCC_GetSysClockFreq
                0x0000000008002c48       0x94 build/stm32f0xx_hal_rcc.o
                0x0000000008002c48                HAL_RCC_GetSysClockFreq
 .text.HAL_RCC_ClockConfig
                0x0000000008002cdc      0x144 build/stm32f0xx_hal_rcc.o
                0x0000000008002cdc                HAL_RCC_ClockConfig
 .text.HAL_RCCEx_PeriphCLKConfig
                0x0000000008002e20      0x144 build/stm32f0xx_hal_rcc_ex.o
                0x0000000008002e20                HAL_RCCEx_PeriphCLKConfig
 .text.HAL_InitTick
                0x0000000008002f64       0x50 build/stm32f0xx_hal.o
                0x0000000008002f64                HAL_InitTick
 .text.HAL_Init
                0x0000000008002fb4       0x20 build/stm32f0xx_hal.o
                0x0000000008002fb4                HAL_Init
 .text.HAL_IncTick
                0x0000000008002fd4       0x18 build/stm32f0xx_hal.o
                0x0000000008002fd4                HAL_IncTick
 .text.HAL_GetTick
                0x0000000008002fec        0xc build/stm32f0xx_hal.o
                0x0000000008002fec                HAL_GetTick
 .text.HAL_Delay
                0x0000000008002ff8       0x24 build/stm32f0xx_hal.o
                0x0000000008002ff8                HAL_Delay
 .text.HAL_GPIO_Init
                0x000000000800301c      0x180 build/stm32f0xx_hal_gpio.o
                0x000000000800301c                HAL_GPIO_Init
 .text.HAL_GPIO_WritePin
                0x000000000800319c        0xc build/stm32f0xx_hal_gpio.o
                0x000000000800319c                HAL_GPIO_WritePin
 .text.HAL_DMA_IRQHandler
                0x00000000080031a8       0xaa build/stm32f0xx_hal_dma.o
                0x00000000080031a8                HAL_DMA_IRQHandler
 *fill*         0x0000000008003252        0x2 
 .text.HAL_NVIC_SetPriority
                0x0000000008003254       0x60 build/stm32f0xx_hal_cortex.o
                0x0000000008003254                HAL_NVIC_SetPriority
 .text.HAL_NVIC_EnableIRQ
                0x00000000080032b4       0x18 build/stm32f0xx_hal_cortex.o
                0x00000000080032b4                HAL_NVIC_EnableIRQ
 .text.HAL_SYSTICK_Config
                0x00000000080032cc       0x38 build/stm32f0xx_hal_cortex.o
                0x00000000080032cc                HAL_SYSTICK_Config
 .text.FLASH_SetErrorCode
                0x0000000008003304       0x40 build/stm32f0xx_hal_flash.o
 .text.HAL_FLASH_Unlock
                0x0000000008003344       0x30 build/stm32f0xx_hal_flash.o
                0x0000000008003344                HAL_FLASH_Unlock
 .text.FLASH_WaitForLastOperation
                0x0000000008003374       0x58 build/stm32f0xx_hal_flash.o
                0x0000000008003374                FLASH_WaitForLastOperation
 .text.FLASH_MassErase
                0x00000000080033cc       0x24 build/stm32f0xx_hal_flash_ex.o
 .text.FLASH_PageErase
                0x00000000080033f0       0x24 build/stm32f0xx_hal_flash_ex.o
                0x00000000080033f0                FLASH_PageErase
 .text.HAL_FLASHEx_Erase
                0x0000000008003414       0xa4 build/stm32f0xx_hal_flash_ex.o
                0x0000000008003414                HAL_FLASHEx_Erase
 .text.HAL_TIM_PeriodElapsedCallback
                0x00000000080034b8        0x2 build/stm32f0xx_hal_tim.o
                0x00000000080034b8                HAL_TIM_PeriodElapsedCallback
 .text.HAL_TIM_OC_DelayElapsedCallback
                0x00000000080034ba        0x2 build/stm32f0xx_hal_tim.o
                0x00000000080034ba                HAL_TIM_OC_DelayElapsedCallback
 .text.HAL_TIM_IC_CaptureCallback
                0x00000000080034bc        0x2 build/stm32f0xx_hal_tim.o
                0x00000000080034bc                HAL_TIM_IC_CaptureCallback
 .text.HAL_TIM_PWM_PulseFinishedCallback
                0x00000000080034be        0x2 build/stm32f0xx_hal_tim.o
                0x00000000080034be                HAL_TIM_PWM_PulseFinishedCallback
 .text.HAL_TIM_TriggerCallback
                0x00000000080034c0        0x2 build/stm32f0xx_hal_tim.o
                0x00000000080034c0                HAL_TIM_TriggerCallback
 .text.HAL_TIM_IRQHandler
                0x00000000080034c2      0x15a build/stm32f0xx_hal_tim.o
                0x00000000080034c2                HAL_TIM_IRQHandler
 .text.HAL_TIMEx_CommutCallback
                0x000000000800361c        0x2 build/stm32f0xx_hal_tim_ex.o
                0x000000000800361c                HAL_TIMEx_CommutCallback
 .text.HAL_TIMEx_BreakCallback
                0x000000000800361e        0x2 build/stm32f0xx_hal_tim_ex.o
                0x000000000800361e                HAL_TIMEx_BreakCallback
 .text.SystemInit
                0x0000000008003620        0x2 build/system_stm32f0xx.o
                0x0000000008003620                SystemInit
 .text.USBD_Init
                0x0000000008003622       0x38 build/usbd_core.o
                0x0000000008003622                USBD_Init
 .text.USBD_RegisterClass
                0x000000000800365a       0x12 build/usbd_core.o
                0x000000000800365a                USBD_RegisterClass
 .text.USBD_Start
                0x000000000800366c        0xa build/usbd_core.o
                0x000000000800366c                USBD_Start
 .text.USBD_SetClassConfig
                0x0000000008003676       0x1e build/usbd_core.o
                0x0000000008003676                USBD_SetClassConfig
 .text.USBD_ClrClassConfig
                0x0000000008003694       0x10 build/usbd_core.o
                0x0000000008003694                USBD_ClrClassConfig
 .text.USBD_LL_SetupStage
                0x00000000080036a4       0x68 build/usbd_core.o
                0x00000000080036a4                USBD_LL_SetupStage
 .text.USBD_LL_DataOutStage
                0x000000000800370c       0x7a build/usbd_core.o
                0x000000000800370c                USBD_LL_DataOutStage
 .text.USBD_LL_DataInStage
                0x0000000008003786       0xc4 build/usbd_core.o
                0x0000000008003786                USBD_LL_DataInStage
 .text.USBD_LL_Reset
                0x000000000800384a       0x46 build/usbd_core.o
                0x000000000800384a                USBD_LL_Reset
 .text.USBD_LL_SetSpeed
                0x0000000008003890        0x6 build/usbd_core.o
                0x0000000008003890                USBD_LL_SetSpeed
 .text.USBD_LL_Suspend
                0x0000000008003896       0x16 build/usbd_core.o
                0x0000000008003896                USBD_LL_Suspend
 .text.USBD_LL_Resume
                0x00000000080038ac        0xe build/usbd_core.o
                0x00000000080038ac                USBD_LL_Resume
 .text.USBD_LL_SOF
                0x00000000080038ba       0x20 build/usbd_core.o
                0x00000000080038ba                USBD_LL_SOF
 .text.USBD_GetLen
                0x00000000080038da       0x14 build/usbd_ctlreq.o
 .text.USBD_SetFeature
                0x00000000080038ee       0x24 build/usbd_ctlreq.o
 .text.USBD_ParseSetupRequest
                0x0000000008003912       0x28 build/usbd_ctlreq.o
                0x0000000008003912                USBD_ParseSetupRequest
 .text.USBD_CtlError
                0x000000000800393a       0x14 build/usbd_ctlreq.o
                0x000000000800393a                USBD_CtlError
 *fill*         0x000000000800394e        0x2 
 .text.USBD_GetDescriptor
                0x0000000008003950      0x15c build/usbd_ctlreq.o
 .text.USBD_SetAddress
                0x0000000008003aac       0x58 build/usbd_ctlreq.o
 .text.USBD_SetConfig
                0x0000000008003b04       0xb0 build/usbd_ctlreq.o
 .text.USBD_GetConfig
                0x0000000008003bb4       0x3c build/usbd_ctlreq.o
 .text.USBD_GetStatus
                0x0000000008003bf0       0x32 build/usbd_ctlreq.o
 .text.USBD_ClrFeature
                0x0000000008003c22       0x34 build/usbd_ctlreq.o
 *fill*         0x0000000008003c56        0x2 
 .text.USBD_StdDevReq
                0x0000000008003c58       0x48 build/usbd_ctlreq.o
                0x0000000008003c58                USBD_StdDevReq
 .text.USBD_StdItfReq
                0x0000000008003ca0       0x3c build/usbd_ctlreq.o
                0x0000000008003ca0                USBD_StdItfReq
 .text.USBD_StdEPReq
                0x0000000008003cdc      0x13e build/usbd_ctlreq.o
                0x0000000008003cdc                USBD_StdEPReq
 .text.USBD_GetString
                0x0000000008003e1a       0x3c build/usbd_ctlreq.o
                0x0000000008003e1a                USBD_GetString
 .text.USBD_CtlSendData
                0x0000000008003e56       0x1c build/usbd_ioreq.o
                0x0000000008003e56                USBD_CtlSendData
 .text.USBD_CtlContinueSendData
                0x0000000008003e72       0x10 build/usbd_ioreq.o
                0x0000000008003e72                USBD_CtlContinueSendData
 .text.USBD_CtlContinueRx
                0x0000000008003e82       0x10 build/usbd_ioreq.o
                0x0000000008003e82                USBD_CtlContinueRx
 .text.USBD_CtlSendStatus
                0x0000000008003e92       0x18 build/usbd_ioreq.o
                0x0000000008003e92                USBD_CtlSendStatus
 .text.USBD_CtlReceiveStatus
                0x0000000008003eaa       0x18 build/usbd_ioreq.o
                0x0000000008003eaa                USBD_CtlReceiveStatus
 *fill*         0x0000000008003ec2        0x2 
 .text.MX_USB_HID_INIT
                0x0000000008003ec4       0x2c build/usb_device.o
                0x0000000008003ec4                MX_USB_HID_INIT
 .text.HAL_PCD_MspInit
                0x0000000008003ef0       0x40 build/usbd_conf.o
                0x0000000008003ef0                HAL_PCD_MspInit
 .text.HAL_PCD_SetupStageCallback
                0x0000000008003f30       0x16 build/usbd_conf.o
                0x0000000008003f30                HAL_PCD_SetupStageCallback
 .text.HAL_PCD_DataOutStageCallback
                0x0000000008003f46       0x1e build/usbd_conf.o
                0x0000000008003f46                HAL_PCD_DataOutStageCallback
 .text.HAL_PCD_DataInStageCallback
                0x0000000008003f64       0x1a build/usbd_conf.o
                0x0000000008003f64                HAL_PCD_DataInStageCallback
 .text.HAL_PCD_SOFCallback
                0x0000000008003f7e        0xe build/usbd_conf.o
                0x0000000008003f7e                HAL_PCD_SOFCallback
 .text.HAL_PCD_ResetCallback
                0x0000000008003f8c       0x18 build/usbd_conf.o
                0x0000000008003f8c                HAL_PCD_ResetCallback
 .text.HAL_PCD_SuspendCallback
                0x0000000008003fa4       0x24 build/usbd_conf.o
                0x0000000008003fa4                HAL_PCD_SuspendCallback
 .text.HAL_PCD_ResumeCallback
                0x0000000008003fc8        0xe build/usbd_conf.o
                0x0000000008003fc8                HAL_PCD_ResumeCallback
 *fill*         0x0000000008003fd6        0x2 
 .text.USBD_LL_Init
                0x0000000008003fd8       0x7c build/usbd_conf.o
                0x0000000008003fd8                USBD_LL_Init
 .text.USBD_LL_Start
                0x0000000008004054       0x22 build/usbd_conf.o
                0x0000000008004054                USBD_LL_Start
 .text.USBD_LL_OpenEP
                0x0000000008004076       0x28 build/usbd_conf.o
                0x0000000008004076                USBD_LL_OpenEP
 .text.USBD_LL_CloseEP
                0x000000000800409e       0x22 build/usbd_conf.o
                0x000000000800409e                USBD_LL_CloseEP
 .text.USBD_LL_StallEP
                0x00000000080040c0       0x22 build/usbd_conf.o
                0x00000000080040c0                USBD_LL_StallEP
 .text.USBD_LL_ClearStallEP
                0x00000000080040e2       0x22 build/usbd_conf.o
                0x00000000080040e2                USBD_LL_ClearStallEP
 .text.USBD_LL_IsStallEP
                0x0000000008004104       0x32 build/usbd_conf.o
                0x0000000008004104                USBD_LL_IsStallEP
 .text.USBD_LL_SetUSBAddress
                0x0000000008004136       0x22 build/usbd_conf.o
                0x0000000008004136                USBD_LL_SetUSBAddress
 .text.USBD_LL_Transmit
                0x0000000008004158       0x22 build/usbd_conf.o
                0x0000000008004158                USBD_LL_Transmit
 .text.USBD_LL_PrepareReceive
                0x000000000800417a       0x22 build/usbd_conf.o
                0x000000000800417a                USBD_LL_PrepareReceive
 .text.USBD_LL_GetRxDataSize
                0x000000000800419c        0xe build/usbd_conf.o
                0x000000000800419c                USBD_LL_GetRxDataSize
 *fill*         0x00000000080041aa        0x2 
 .text.USBD_FS_DeviceDescriptor
                0x00000000080041ac        0xc build/usbd_desc.o
                0x00000000080041ac                USBD_FS_DeviceDescriptor
 .text.USBD_FS_LangIDStrDescriptor
                0x00000000080041b8        0xc build/usbd_desc.o
                0x00000000080041b8                USBD_FS_LangIDStrDescriptor
 .text.USBD_FS_ProductStrDescriptor
                0x00000000080041c4       0x28 build/usbd_desc.o
                0x00000000080041c4                USBD_FS_ProductStrDescriptor
 .text.USBD_FS_ManufacturerStrDescriptor
                0x00000000080041ec       0x1c build/usbd_desc.o
                0x00000000080041ec                USBD_FS_ManufacturerStrDescriptor
 .text.USBD_FS_SerialStrDescriptor
                0x0000000008004208       0x28 build/usbd_desc.o
                0x0000000008004208                USBD_FS_SerialStrDescriptor
 .text.USBD_FS_ConfigStrDescriptor
                0x0000000008004230       0x28 build/usbd_desc.o
                0x0000000008004230                USBD_FS_ConfigStrDescriptor
 .text.USBD_FS_InterfaceStrDescriptor
                0x0000000008004258       0x28 build/usbd_desc.o
                0x0000000008004258                USBD_FS_InterfaceStrDescriptor
 .text.USBD_HID_GetCfgDesc
                0x0000000008004280        0xc build/usbd_hid.o
 .text.USBD_HID_DataIn
                0x000000000800428c        0xe build/usbd_hid.o
 *fill*         0x000000000800429a        0x2 
 .text.USBD_HID_GetDeviceQualifierDesc
                0x000000000800429c        0xc build/usbd_hid.o
 .text.USBD_HID_Setup
                0x00000000080042a8       0xc4 build/usbd_hid.o
 .text.USBD_HID_DeInit
                0x000000000800436c       0x2c build/usbd_hid.o
 .text.USBD_HID_Init
                0x0000000008004398       0x2a build/usbd_hid.o
 .text.USBD_HID_SendReport
                0x00000000080043c2       0x2a build/usbd_hid.o
                0x00000000080043c2                USBD_HID_SendReport
 .text.USBD_HID_GetReport
                0x00000000080043ec        0x2 build/usbd_hid.o
                0x00000000080043ec                USBD_HID_GetReport
 *fill*         0x00000000080043ee        0x2 
 .text.USBD_HID_DataOut
                0x00000000080043f0       0x44 build/usbd_hid.o
 .text.Reset_Handler
                0x0000000008004434       0x80 build/startup_stm32f042x6.o
                0x0000000008004434                Reset_Handler
 .text.Default_Handler
                0x00000000080044b4        0x2 build/startup_stm32f042x6.o
                0x00000000080044b4                TSC_IRQHandler
                0x00000000080044b4                I2C1_IRQHandler
                0x00000000080044b4                RCC_CRS_IRQHandler
                0x00000000080044b4                SPI1_IRQHandler
                0x00000000080044b4                EXTI2_3_IRQHandler
                0x00000000080044b4                ADC1_IRQHandler
                0x00000000080044b4                TIM17_IRQHandler
                0x00000000080044b4                CEC_CAN_IRQHandler
                0x00000000080044b4                RTC_IRQHandler
                0x00000000080044b4                PVD_VDDIO2_IRQHandler
                0x00000000080044b4                TIM16_IRQHandler
                0x00000000080044b4                TIM3_IRQHandler
                0x00000000080044b4                EXTI4_15_IRQHandler
                0x00000000080044b4                DMA1_Channel1_IRQHandler
                0x00000000080044b4                Default_Handler
                0x00000000080044b4                TIM14_IRQHandler
                0x00000000080044b4                EXTI0_1_IRQHandler
                0x00000000080044b4                SPI2_IRQHandler
                0x00000000080044b4                WWDG_IRQHandler
                0x00000000080044b4                TIM2_IRQHandler
                0x00000000080044b4                USART2_IRQHandler
                0x00000000080044b4                FLASH_IRQHandler
                0x00000000080044b4                USART1_IRQHandler
 *(.glue_7)
 .glue_7        0x00000000080044b6        0x0 linker stubs
 *(.glue_7t)
 .glue_7t       0x00000000080044b6        0x0 linker stubs
 *(.eh_frame)
 *fill*         0x00000000080044b6        0x2 
 .eh_frame      0x00000000080044b8        0x0 /usr/lib/gcc/arm-none-eabi/9.2.1/thumb/v6-m/nofp/crtbegin.o
 *(.init)
 .init          0x00000000080044b8        0x4 /usr/lib/gcc/arm-none-eabi/9.2.1/thumb/v6-m/nofp/crti.o
                0x00000000080044b8                _init
 .init          0x00000000080044bc        0x8 /usr/lib/gcc/arm-none-eabi/9.2.1/thumb/v6-m/nofp/crtn.o
 *(.fini)
 .fini          0x00000000080044c4        0x4 /usr/lib/gcc/arm-none-eabi/9.2.1/thumb/v6-m/nofp/crti.o
                0x00000000080044c4                _fini
 .fini          0x00000000080044c8        0x8 /usr/lib/gcc/arm-none-eabi/9.2.1/thumb/v6-m/nofp/crtn.o
                0x00000000080044d0                . = ALIGN (0x4)
                0x00000000080044d0                _etext = .

.vfp11_veneer   0x00000000080044d0        0x0
 .vfp11_veneer  0x00000000080044d0        0x0 linker stubs

.v4_bx          0x00000000080044d0        0x0
 .v4_bx         0x00000000080044d0        0x0 linker stubs

.iplt           0x00000000080044d0        0x0
 .iplt          0x00000000080044d0        0x0 /usr/lib/gcc/arm-none-eabi/9.2.1/thumb/v6-m/nofp/crtbegin.o

.rodata         0x00000000080044d0       0xe0
                0x00000000080044d0                . = ALIGN (0x4)
 *(.rodata)
 *(.rodata*)
 .rodata.HAL_RCC_GetSysClockFreq.str1.4
                0x00000000080044d0       0x25 build/stm32f0xx_hal_rcc.o
 *fill*         0x00000000080044f5        0x3 
 .rodata.AHBPrescTable
                0x00000000080044f8       0x10 build/system_stm32f0xx.o
                0x00000000080044f8                AHBPrescTable
 .rodata.USBD_GetDescriptor
                0x0000000008004508       0x38 build/usbd_ctlreq.o
 .rodata.USBD_StdDevReq
                0x0000000008004540       0x28 build/usbd_ctlreq.o
 .rodata.USBD_FS_ProductStrDescriptor.str1.4
                0x0000000008004568       0x15 build/usbd_desc.o
 *fill*         0x000000000800457d        0x3 
 .rodata.USBD_FS_ManufacturerStrDescriptor.str1.4
                0x0000000008004580        0x4 build/usbd_desc.o
 .rodata.USBD_FS_SerialStrDescriptor.str1.4
                0x0000000008004584        0xd build/usbd_desc.o
 *fill*         0x0000000008004591        0x3 
 .rodata.USBD_FS_ConfigStrDescriptor.str1.4
                0x0000000008004594        0xb build/usbd_desc.o
 *fill*         0x000000000800459f        0x1 
 .rodata.USBD_FS_InterfaceStrDescriptor.str1.4
                0x00000000080045a0        0xe build/usbd_desc.o
                0x00000000080045b0                . = ALIGN (0x4)
 *fill*         0x00000000080045ae        0x2 

.rel.dyn        0x00000000080045b0        0x0
 .rel.iplt      0x00000000080045b0        0x0 /usr/lib/gcc/arm-none-eabi/9.2.1/thumb/v6-m/nofp/crtbegin.o

.ARM.extab
 *(.ARM.extab* .gnu.linkonce.armextab.*)

.ARM            0x00000000080045b0        0x0
                0x00000000080045b0                __exidx_start = .
 *(.ARM.exidx*)
                0x00000000080045b0                __exidx_end = .

.preinit_array  0x00000000080045b0        0x0
                0x00000000080045b0                PROVIDE (__preinit_array_start = .)
 *(.preinit_array*)
                0x00000000080045b0                PROVIDE (__preinit_array_end = .)

.init_array     0x00000000080045b0        0x4
                0x00000000080045b0                PROVIDE (__init_array_start = .)
 *(SORT_BY_NAME(.init_array.*))
 *(.init_array*)
 .init_array    0x00000000080045b0        0x4 /usr/lib/gcc/arm-none-eabi/9.2.1/thumb/v6-m/nofp/crtbegin.o
                0x00000000080045b4                PROVIDE (__init_array_end = .)

.fini_array     0x00000000080045b4        0x4
                0x00000000080045b4                PROVIDE (__fini_array_start = .)
 *(SORT_BY_NAME(.fini_array.*))
 *(.fini_array*)
 .fini_array    0x00000000080045b4        0x4 /usr/lib/gcc/arm-none-eabi/9.2.1/thumb/v6-m/nofp/crtbegin.o
                0x00000000080045b8                PROVIDE (__fini_array_end = .)
                0x00000000080045b8                _sidata = LOADADDR (.data)

.data           0x0000000020000000      0x178 load address 0x00000000080045b8
                0x0000000020000000                . = ALIGN (0x4)
                0x0000000020000000                _sdata = .
 *(.data)
 .data          0x0000000020000000       0x64 /usr/lib/gcc/arm-none-eabi/9.2.1/../../../arm-none-eabi/lib/thumb/v6-m/nofp/libc_nano.a(lib_a-impure.o)
                0x0000000020000000                _impure_ptr
 *(.data*)
 .data.drive_map
                0x0000000020000064       0x18 build/main.o
                0x0000000020000064                drive_map
 .data.uwTickFreq
                0x000000002000007c        0x1 build/stm32f0xx_hal.o
                0x000000002000007c                uwTickFreq
 *fill*         0x000000002000007d        0x3 
 .data.uwTickPrio
                0x0000000020000080        0x4 build/stm32f0xx_hal.o
                0x0000000020000080                uwTickPrio
 .data.SystemCoreClock
                0x0000000020000084        0x4 build/system_stm32f0xx.o
                0x0000000020000084                SystemCoreClock
 .data.FS_Desc  0x0000000020000088       0x1c build/usbd_desc.o
                0x0000000020000088                FS_Desc
 .data.USBD_FS_DeviceDesc
                0x00000000200000a4       0x12 build/usbd_desc.o
                0x00000000200000a4                USBD_FS_DeviceDesc
 *fill*         0x00000000200000b6        0x2 
 .data.USBD_LangIDDesc
                0x00000000200000b8        0x4 build/usbd_desc.o
                0x00000000200000b8                USBD_LangIDDesc
 .data.HID_ReportDesc
                0x00000000200000bc       0x48 build/usbd_hid.o
 .data.USBD_HID
                0x0000000020000104       0x38 build/usbd_hid.o
                0x0000000020000104                USBD_HID
 .data.USBD_HID_CfgDesc
                0x000000002000013c       0x22 build/usbd_hid.o
 *fill*         0x000000002000015e        0x2 
 .data.USBD_HID_Desc
                0x0000000020000160        0x9 build/usbd_hid.o
 *fill*         0x0000000020000169        0x3 
 .data.USBD_HID_DeviceQualifierDesc
                0x000000002000016c        0xa build/usbd_hid.o
                0x0000000020000178                . = ALIGN (0x4)
 *fill*         0x0000000020000176        0x2 
                0x0000000020000178                _edata = .

.tm_clone_table
                0x0000000020000178        0x0 load address 0x0000000008004730
 .tm_clone_table
                0x0000000020000178        0x0 /usr/lib/gcc/arm-none-eabi/9.2.1/thumb/v6-m/nofp/crtbegin.o
 .tm_clone_table
                0x0000000020000178        0x0 /usr/lib/gcc/arm-none-eabi/9.2.1/thumb/v6-m/nofp/crtend.o

.igot.plt       0x0000000020000178        0x0 load address 0x0000000008004730
 .igot.plt      0x0000000020000178        0x0 /usr/lib/gcc/arm-none-eabi/9.2.1/thumb/v6-m/nofp/crtbegin.o
                0x0000000020000178                . = ALIGN (0x4)

.bss            0x0000000020000178      0x884 load address 0x0000000008004730
                0x0000000020000178                _sbss = .
                0x0000000020000178                __bss_start__ = _sbss
 *(.bss)
 .bss           0x0000000020000178       0x1c /usr/lib/gcc/arm-none-eabi/9.2.1/thumb/v6-m/nofp/crtbegin.o
 .bss           0x0000000020000194        0x8 /usr/lib/gcc/arm-none-eabi/9.2.1/../../../arm-none-eabi/lib/thumb/v6-m/nofp/libc_nano.a(lib_a-nano-mallocr.o)
                0x0000000020000194                __malloc_free_list
                0x0000000020000198                __malloc_sbrk_start
 .bss           0x000000002000019c        0x4 /usr/lib/gcc/arm-none-eabi/9.2.1/../../../arm-none-eabi/lib/thumb/v6-m/nofp/libnosys.a(sbrk.o)
 *(.bss*)
 .bss.key_map   0x00000000200001a0        0xa build/main.o
                0x00000000200001a0                key_map
 *fill*         0x00000000200001aa        0x2 
 .bss.receive_map
                0x00000000200001ac       0x18 build/main.o
                0x00000000200001ac                receive_map
 .bss.cfgidx.8252
                0x00000000200001c4        0x1 build/usbd_ctlreq.o
 *(COMMON)
 *fill*         0x00000000200001c5        0x3 
 COMMON         0x00000000200001c8      0x3d0 build/main.o
                0x00000000200001c8                hdma_tim1_ch1
                0x000000002000020c                hdma_tim1_ch3_up
                0x0000000020000250                htim1
                0x0000000020000298                key
                0x00000000200002a4                hpcd_USB_FS
 COMMON         0x0000000020000598        0x4 build/stm32f0xx_hal.o
                0x0000000020000598                uwTick
 *fill*         0x000000002000059c        0x4 
 COMMON         0x00000000200005a0       0x20 build/stm32f0xx_hal_flash.o
                0x00000000200005a0                pFlash
 COMMON         0x00000000200005c0      0x224 build/usb_device.o
                0x00000000200005c0                hUsbDeviceFS
 COMMON         0x00000000200007e4      0x200 build/usbd_desc.o
                0x00000000200007e4                USBD_StrDesc
 COMMON         0x00000000200009e4       0x14 build/usbd_hid.o
                0x00000000200009e4                OutData
                0x00000000200009ec                nOutData
                0x00000000200009f0                OutDataBuffer
 COMMON         0x00000000200009f8        0x4 /usr/lib/gcc/arm-none-eabi/9.2.1/../../../arm-none-eabi/lib/thumb/v6-m/nofp/libc_nano.a(lib_a-reent.o)
                0x00000000200009f8                errno
                0x00000000200009fc                . = ALIGN (0x4)
                0x00000000200009fc                _ebss = .
                0x00000000200009fc                __bss_end__ = _ebss

._user_heap_stack
                0x00000000200009fc      0x604 load address 0x0000000008004730
                0x0000000020000a00                . = ALIGN (0x8)
 *fill*         0x00000000200009fc        0x4 
                0x0000000020000a00                PROVIDE (end = .)
                [!provide]                        PROVIDE (_end = .)
                0x0000000020000c00                . = (. + _Min_Heap_Size)
 *fill*         0x0000000020000a00      0x200 
                0x0000000020001000                . = (. + _Min_Stack_Size)
 *fill*         0x0000000020000c00      0x400 
                0x0000000020001000                . = ALIGN (0x8)

/DISCARD/
 libc.a(*)
 libm.a(*)
 libgcc.a(*)

.ARM.attributes
                0x0000000000000000       0x28
 *(.ARM.attributes)
 .ARM.attributes
                0x0000000000000000       0x1e /usr/lib/gcc/arm-none-eabi/9.2.1/thumb/v6-m/nofp/crti.o
 .ARM.attributes
                0x000000000000001e       0x2c /usr/lib/gcc/arm-none-eabi/9.2.1/thumb/v6-m/nofp/crtbegin.o
 .ARM.attributes
                0x000000000000004a       0x2c build/main.o
 .ARM.attributes
                0x0000000000000076       0x2c build/stm32f0xx_it.o
 .ARM.attributes
                0x00000000000000a2       0x2c build/stm32f0xx_hal_msp.o
 .ARM.attributes
                0x00000000000000ce       0x2c build/stm32f0xx_ll_usb.o
 .ARM.attributes
                0x00000000000000fa       0x2c build/stm32f0xx_hal_pcd.o
 .ARM.attributes
                0x0000000000000126       0x2c build/stm32f0xx_hal_pcd_ex.o
 .ARM.attributes
                0x0000000000000152       0x2c build/stm32f0xx_hal_rcc.o
 .ARM.attributes
                0x000000000000017e       0x2c build/stm32f0xx_hal_rcc_ex.o
 .ARM.attributes
                0x00000000000001aa       0x2c build/stm32f0xx_hal.o
 .ARM.attributes
                0x00000000000001d6       0x2c build/stm32f0xx_hal_gpio.o
 .ARM.attributes
                0x0000000000000202       0x2c build/stm32f0xx_hal_dma.o
 .ARM.attributes
                0x000000000000022e       0x2c build/stm32f0xx_hal_cortex.o
 .ARM.attributes
                0x000000000000025a       0x2c build/stm32f0xx_hal_flash.o
 .ARM.attributes
                0x0000000000000286       0x2c build/stm32f0xx_hal_flash_ex.o
 .ARM.attributes
                0x00000000000002b2       0x2c build/stm32f0xx_hal_tim.o
 .ARM.attributes
                0x00000000000002de       0x2c build/stm32f0xx_hal_tim_ex.o
 .ARM.attributes
                0x000000000000030a       0x2c build/system_stm32f0xx.o
 .ARM.attributes
                0x0000000000000336       0x2c build/usbd_core.o
 .ARM.attributes
                0x0000000000000362       0x2c build/usbd_ctlreq.o
 .ARM.attributes
                0x000000000000038e       0x2c build/usbd_ioreq.o
 .ARM.attributes
                0x00000000000003ba       0x2c build/usb_device.o
 .ARM.attributes
                0x00000000000003e6       0x2c build/usbd_conf.o
 .ARM.attributes
                0x0000000000000412       0x2c build/usbd_desc.o
 .ARM.attributes
                0x000000000000043e       0x2c build/usbd_hid.o
 .ARM.attributes
                0x000000000000046a       0x21 build/startup_stm32f042x6.o
 .ARM.attributes
                0x000000000000048b       0x2c /usr/lib/gcc/arm-none-eabi/9.2.1/../../../arm-none-eabi/lib/thumb/v6-m/nofp/libc_nano.a(lib_a-impure.o)
 .ARM.attributes
                0x00000000000004b7       0x2c /usr/lib/gcc/arm-none-eabi/9.2.1/../../../arm-none-eabi/lib/thumb/v6-m/nofp/libc_nano.a(lib_a-init.o)
 .ARM.attributes
                0x00000000000004e3       0x2c /usr/lib/gcc/arm-none-eabi/9.2.1/../../../arm-none-eabi/lib/thumb/v6-m/nofp/libc_nano.a(lib_a-malloc.o)
 .ARM.attributes
                0x000000000000050f       0x2c /usr/lib/gcc/arm-none-eabi/9.2.1/../../../arm-none-eabi/lib/thumb/v6-m/nofp/libc_nano.a(lib_a-memcpy-stub.o)
 .ARM.attributes
                0x000000000000053b       0x2c /usr/lib/gcc/arm-none-eabi/9.2.1/../../../arm-none-eabi/lib/thumb/v6-m/nofp/libc_nano.a(lib_a-memset.o)
 .ARM.attributes
                0x0000000000000567       0x2c /usr/lib/gcc/arm-none-eabi/9.2.1/../../../arm-none-eabi/lib/thumb/v6-m/nofp/libc_nano.a(lib_a-nano-freer.o)
 .ARM.attributes
                0x0000000000000593       0x2c /usr/lib/gcc/arm-none-eabi/9.2.1/../../../arm-none-eabi/lib/thumb/v6-m/nofp/libc_nano.a(lib_a-nano-mallocr.o)
 .ARM.attributes
                0x00000000000005bf       0x2c /usr/lib/gcc/arm-none-eabi/9.2.1/../../../arm-none-eabi/lib/thumb/v6-m/nofp/libc_nano.a(lib_a-sbrkr.o)
 .ARM.attributes
                0x00000000000005eb       0x2c /usr/lib/gcc/arm-none-eabi/9.2.1/../../../arm-none-eabi/lib/thumb/v6-m/nofp/libc_nano.a(lib_a-mlock.o)
 .ARM.attributes
                0x0000000000000617       0x2c /usr/lib/gcc/arm-none-eabi/9.2.1/../../../arm-none-eabi/lib/thumb/v6-m/nofp/libc_nano.a(lib_a-reent.o)
 .ARM.attributes
                0x0000000000000643       0x2c /usr/lib/gcc/arm-none-eabi/9.2.1/../../../arm-none-eabi/lib/thumb/v6-m/nofp/libnosys.a(sbrk.o)
 .ARM.attributes
                0x000000000000066f       0x1e /usr/lib/gcc/arm-none-eabi/9.2.1/thumb/v6-m/nofp/libgcc.a(_udivsi3.o)
 .ARM.attributes
                0x000000000000068d       0x1e /usr/lib/gcc/arm-none-eabi/9.2.1/thumb/v6-m/nofp/libgcc.a(_dvmd_tls.o)
 .ARM.attributes
                0x00000000000006ab       0x2c /usr/lib/gcc/arm-none-eabi/9.2.1/thumb/v6-m/nofp/crtend.o
 .ARM.attributes
                0x00000000000006d7       0x1e /usr/lib/gcc/arm-none-eabi/9.2.1/thumb/v6-m/nofp/crtn.o
OUTPUT(build/firmware.elf elf32-littlearm)
LOAD linker stubs
LOAD /usr/lib/gcc/arm-none-eabi/9.2.1/../../../arm-none-eabi/lib/thumb/v6-m/nofp/libc.a
LOAD /usr/lib/gcc/arm-none-eabi/9.2.1/../../../arm-none-eabi/lib/thumb/v6-m/nofp/libm.a
LOAD /usr/lib/gcc/arm-none-eabi/9.2.1/thumb/v6-m/nofp/libgcc.a

.comment        0x0000000000000000       0xa7
 .comment       0x0000000000000000       0x59 /usr/lib/gcc/arm-none-eabi/9.2.1/thumb/v6-m/nofp/crtbegin.o
                                         0x5a (size before relaxing)
 .comment       0x0000000000000059       0x5a build/main.o
 .comment       0x0000000000000059       0x5a build/stm32f0xx_it.o
 .comment       0x0000000000000059       0x5a build/stm32f0xx_hal_msp.o
 .comment       0x0000000000000059       0x5a build/stm32f0xx_ll_usb.o
 .comment       0x0000000000000059       0x5a build/stm32f0xx_hal_pcd.o
 .comment       0x0000000000000059       0x5a build/stm32f0xx_hal_pcd_ex.o
 .comment       0x0000000000000059       0x5a build/stm32f0xx_hal_rcc.o
 .comment       0x0000000000000059       0x5a build/stm32f0xx_hal_rcc_ex.o
 .comment       0x0000000000000059       0x5a build/stm32f0xx_hal.o
 .comment       0x0000000000000059       0x5a build/stm32f0xx_hal_gpio.o
 .comment       0x0000000000000059       0x5a build/stm32f0xx_hal_dma.o
 .comment       0x0000000000000059       0x5a build/stm32f0xx_hal_cortex.o
 .comment       0x0000000000000059       0x5a build/stm32f0xx_hal_flash.o
 .comment       0x0000000000000059       0x5a build/stm32f0xx_hal_flash_ex.o
 .comment       0x0000000000000059       0x5a build/stm32f0xx_hal_tim.o
 .comment       0x0000000000000059       0x5a build/stm32f0xx_hal_tim_ex.o
 .comment       0x0000000000000059       0x5a build/system_stm32f0xx.o
 .comment       0x0000000000000059       0x5a build/usbd_core.o
 .comment       0x0000000000000059       0x5a build/usbd_ctlreq.o
 .comment       0x0000000000000059       0x5a build/usbd_ioreq.o
 .comment       0x0000000000000059       0x5a build/usb_device.o
 .comment       0x0000000000000059       0x5a build/usbd_conf.o
 .comment       0x0000000000000059       0x5a build/usbd_desc.o
 .comment       0x0000000000000059       0x5a build/usbd_hid.o
 .comment       0x0000000000000059       0x4e /usr/lib/gcc/arm-none-eabi/9.2.1/../../../arm-none-eabi/lib/thumb/v6-m/nofp/libc_nano.a(lib_a-impure.o)
                                         0x4f (size before relaxing)
 .comment       0x00000000000000a7       0x4f /usr/lib/gcc/arm-none-eabi/9.2.1/../../../arm-none-eabi/lib/thumb/v6-m/nofp/libc_nano.a(lib_a-init.o)
 .comment       0x00000000000000a7       0x4f /usr/lib/gcc/arm-none-eabi/9.2.1/../../../arm-none-eabi/lib/thumb/v6-m/nofp/libc_nano.a(lib_a-malloc.o)
 .comment       0x00000000000000a7       0x4f /usr/lib/gcc/arm-none-eabi/9.2.1/../../../arm-none-eabi/lib/thumb/v6-m/nofp/libc_nano.a(lib_a-memcpy-stub.o)
 .comment       0x00000000000000a7       0x4f /usr/lib/gcc/arm-none-eabi/9.2.1/../../../arm-none-eabi/lib/thumb/v6-m/nofp/libc_nano.a(lib_a-memset.o)
 .comment       0x00000000000000a7       0x4f /usr/lib/gcc/arm-none-eabi/9.2.1/../../../arm-none-eabi/lib/thumb/v6-m/nofp/libc_nano.a(lib_a-nano-freer.o)
 .comment       0x00000000000000a7       0x4f /usr/lib/gcc/arm-none-eabi/9.2.1/../../../arm-none-eabi/lib/thumb/v6-m/nofp/libc_nano.a(lib_a-nano-mallocr.o)
 .comment       0x00000000000000a7       0x4f /usr/lib/gcc/arm-none-eabi/9.2.1/../../../arm-none-eabi/lib/thumb/v6-m/nofp/libc_nano.a(lib_a-sbrkr.o)
 .comment       0x00000000000000a7       0x4f /usr/lib/gcc/arm-none-eabi/9.2.1/../../../arm-none-eabi/lib/thumb/v6-m/nofp/libc_nano.a(lib_a-mlock.o)
 .comment       0x00000000000000a7       0x4f /usr/lib/gcc/arm-none-eabi/9.2.1/../../../arm-none-eabi/lib/thumb/v6-m/nofp/libc_nano.a(lib_a-reent.o)
 .comment       0x00000000000000a7       0x4f /usr/lib/gcc/arm-none-eabi/9.2.1/../../../arm-none-eabi/lib/thumb/v6-m/nofp/libnosys.a(sbrk.o)
 .comment       0x00000000000000a7       0x5a /usr/lib/gcc/arm-none-eabi/9.2.1/thumb/v6-m/nofp/crtend.o

.debug_info     0x0000000000000000    0x23566
 .debug_info    0x0000000000000000     0x26af build/main.o
 .debug_info    0x00000000000026af      0xe56 build/stm32f0xx_it.o
 .debug_info    0x0000000000003505      0xb42 build/stm32f0xx_hal_msp.o
 .debug_info    0x0000000000004047     0x1b18 build/stm32f0xx_ll_usb.o
 .debug_info    0x0000000000005b5f     0x1d08 build/stm32f0xx_hal_pcd.o
 .debug_info    0x0000000000007867      0xb39 build/stm32f0xx_hal_pcd_ex.o
 .debug_info    0x00000000000083a0      0xb7a build/stm32f0xx_hal_rcc.o
 .debug_info    0x0000000000008f1a      0x82d build/stm32f0xx_hal_rcc_ex.o
 .debug_info    0x0000000000009747      0x82e build/stm32f0xx_hal.o
 .debug_info    0x0000000000009f75      0x787 build/stm32f0xx_hal_gpio.o
 .debug_info    0x000000000000a6fc      0x9ca build/stm32f0xx_hal_dma.o
 .debug_info    0x000000000000b0c6      0x965 build/stm32f0xx_hal_cortex.o
 .debug_info    0x000000000000ba2b      0x75d build/stm32f0xx_hal_flash.o
 .debug_info    0x000000000000c188      0xa99 build/stm32f0xx_hal_flash_ex.o
 .debug_info    0x000000000000cc21     0x4082 build/stm32f0xx_hal_tim.o
 .debug_info    0x0000000000010ca3     0x1c61 build/stm32f0xx_hal_tim_ex.o
 .debug_info    0x0000000000012904      0x30b build/system_stm32f0xx.o
 .debug_info    0x0000000000012c0f     0x1832 build/usbd_core.o
 .debug_info    0x0000000000014441     0x19f9 build/usbd_ctlreq.o
 .debug_info    0x0000000000015e3a     0x12a7 build/usbd_ioreq.o
 .debug_info    0x00000000000170e1      0xffc build/usb_device.o
 .debug_info    0x00000000000180dd     0x2539 build/usbd_conf.o
 .debug_info    0x000000000001a616      0xf93 build/usbd_desc.o
 .debug_info    0x000000000001b5a9     0x1621 build/usbd_hid.o
 .debug_info    0x000000000001cbca       0x22 build/startup_stm32f042x6.o
 .debug_info    0x000000000001cbec      0x92a /usr/lib/gcc/arm-none-eabi/9.2.1/../../../arm-none-eabi/lib/thumb/v6-m/nofp/libc_nano.a(lib_a-impure.o)
 .debug_info    0x000000000001d516      0x11a /usr/lib/gcc/arm-none-eabi/9.2.1/../../../arm-none-eabi/lib/thumb/v6-m/nofp/libc_nano.a(lib_a-init.o)
 .debug_info    0x000000000001d630      0x9b6 /usr/lib/gcc/arm-none-eabi/9.2.1/../../../arm-none-eabi/lib/thumb/v6-m/nofp/libc_nano.a(lib_a-malloc.o)
 .debug_info    0x000000000001dfe6      0xf35 /usr/lib/gcc/arm-none-eabi/9.2.1/../../../arm-none-eabi/lib/thumb/v6-m/nofp/libc_nano.a(lib_a-memcpy-stub.o)
 .debug_info    0x000000000001ef1b      0xf21 /usr/lib/gcc/arm-none-eabi/9.2.1/../../../arm-none-eabi/lib/thumb/v6-m/nofp/libc_nano.a(lib_a-memset.o)
 .debug_info    0x000000000001fe3c      0xb82 /usr/lib/gcc/arm-none-eabi/9.2.1/../../../arm-none-eabi/lib/thumb/v6-m/nofp/libc_nano.a(lib_a-nano-freer.o)
 .debug_info    0x00000000000209be      0xc57 /usr/lib/gcc/arm-none-eabi/9.2.1/../../../arm-none-eabi/lib/thumb/v6-m/nofp/libc_nano.a(lib_a-nano-mallocr.o)
 .debug_info    0x0000000000021615      0x9fb /usr/lib/gcc/arm-none-eabi/9.2.1/../../../arm-none-eabi/lib/thumb/v6-m/nofp/libc_nano.a(lib_a-sbrkr.o)
 .debug_info    0x0000000000022010      0x961 /usr/lib/gcc/arm-none-eabi/9.2.1/../../../arm-none-eabi/lib/thumb/v6-m/nofp/libc_nano.a(lib_a-mlock.o)
 .debug_info    0x0000000000022971      0xb0c /usr/lib/gcc/arm-none-eabi/9.2.1/../../../arm-none-eabi/lib/thumb/v6-m/nofp/libc_nano.a(lib_a-reent.o)
 .debug_info    0x000000000002347d       0x9d /usr/lib/gcc/arm-none-eabi/9.2.1/../../../arm-none-eabi/lib/thumb/v6-m/nofp/libnosys.a(sbrk.o)
 .debug_info    0x000000000002351a       0x26 /usr/lib/gcc/arm-none-eabi/9.2.1/thumb/v6-m/nofp/libgcc.a(_udivsi3.o)
 .debug_info    0x0000000000023540       0x26 /usr/lib/gcc/arm-none-eabi/9.2.1/thumb/v6-m/nofp/libgcc.a(_dvmd_tls.o)

.debug_abbrev   0x0000000000000000     0x5463
 .debug_abbrev  0x0000000000000000      0x400 build/main.o
 .debug_abbrev  0x0000000000000400      0x1b6 build/stm32f0xx_it.o
 .debug_abbrev  0x00000000000005b6      0x1f6 build/stm32f0xx_hal_msp.o
 .debug_abbrev  0x00000000000007ac      0x31a build/stm32f0xx_ll_usb.o
 .debug_abbrev  0x0000000000000ac6      0x2f2 build/stm32f0xx_hal_pcd.o
 .debug_abbrev  0x0000000000000db8      0x288 build/stm32f0xx_hal_pcd_ex.o
 .debug_abbrev  0x0000000000001040      0x290 build/stm32f0xx_hal_rcc.o
 .debug_abbrev  0x00000000000012d0      0x26f build/stm32f0xx_hal_rcc_ex.o
 .debug_abbrev  0x000000000000153f      0x26b build/stm32f0xx_hal.o
 .debug_abbrev  0x00000000000017aa      0x24f build/stm32f0xx_hal_gpio.o
 .debug_abbrev  0x00000000000019f9      0x28c build/stm32f0xx_hal_dma.o
 .debug_abbrev  0x0000000000001c85      0x2d1 build/stm32f0xx_hal_cortex.o
 .debug_abbrev  0x0000000000001f56      0x2c4 build/stm32f0xx_hal_flash.o
 .debug_abbrev  0x000000000000221a      0x2b7 build/stm32f0xx_hal_flash_ex.o
 .debug_abbrev  0x00000000000024d1      0x2c3 build/stm32f0xx_hal_tim.o
 .debug_abbrev  0x0000000000002794      0x2ab build/stm32f0xx_hal_tim_ex.o
 .debug_abbrev  0x0000000000002a3f      0x16d build/system_stm32f0xx.o
 .debug_abbrev  0x0000000000002bac      0x334 build/usbd_core.o
 .debug_abbrev  0x0000000000002ee0      0x387 build/usbd_ctlreq.o
 .debug_abbrev  0x0000000000003267      0x229 build/usbd_ioreq.o
 .debug_abbrev  0x0000000000003490      0x21b build/usb_device.o
 .debug_abbrev  0x00000000000036ab      0x366 build/usbd_conf.o
 .debug_abbrev  0x0000000000003a11      0x2c2 build/usbd_desc.o
 .debug_abbrev  0x0000000000003cd3      0x345 build/usbd_hid.o
 .debug_abbrev  0x0000000000004018       0x12 build/startup_stm32f042x6.o
 .debug_abbrev  0x000000000000402a      0x17a /usr/lib/gcc/arm-none-eabi/9.2.1/../../../arm-none-eabi/lib/thumb/v6-m/nofp/libc_nano.a(lib_a-impure.o)
 .debug_abbrev  0x00000000000041a4       0xcc /usr/lib/gcc/arm-none-eabi/9.2.1/../../../arm-none-eabi/lib/thumb/v6-m/nofp/libc_nano.a(lib_a-init.o)
 .debug_abbrev  0x0000000000004270      0x1ef /usr/lib/gcc/arm-none-eabi/9.2.1/../../../arm-none-eabi/lib/thumb/v6-m/nofp/libc_nano.a(lib_a-malloc.o)
 .debug_abbrev  0x000000000000445f      0x1e5 /usr/lib/gcc/arm-none-eabi/9.2.1/../../../arm-none-eabi/lib/thumb/v6-m/nofp/libc_nano.a(lib_a-memcpy-stub.o)
 .debug_abbrev  0x0000000000004644      0x1d9 /usr/lib/gcc/arm-none-eabi/9.2.1/../../../arm-none-eabi/lib/thumb/v6-m/nofp/libc_nano.a(lib_a-memset.o)
 .debug_abbrev  0x000000000000481d      0x273 /usr/lib/gcc/arm-none-eabi/9.2.1/../../../arm-none-eabi/lib/thumb/v6-m/nofp/libc_nano.a(lib_a-nano-freer.o)
 .debug_abbrev  0x0000000000004a90      0x2d8 /usr/lib/gcc/arm-none-eabi/9.2.1/../../../arm-none-eabi/lib/thumb/v6-m/nofp/libc_nano.a(lib_a-nano-mallocr.o)
 .debug_abbrev  0x0000000000004d68      0x212 /usr/lib/gcc/arm-none-eabi/9.2.1/../../../arm-none-eabi/lib/thumb/v6-m/nofp/libc_nano.a(lib_a-sbrkr.o)
 .debug_abbrev  0x0000000000004f7a      0x1c5 /usr/lib/gcc/arm-none-eabi/9.2.1/../../../arm-none-eabi/lib/thumb/v6-m/nofp/libc_nano.a(lib_a-mlock.o)
 .debug_abbrev  0x000000000000513f      0x25a /usr/lib/gcc/arm-none-eabi/9.2.1/../../../arm-none-eabi/lib/thumb/v6-m/nofp/libc_nano.a(lib_a-reent.o)
 .debug_abbrev  0x0000000000005399       0xa2 /usr/lib/gcc/arm-none-eabi/9.2.1/../../../arm-none-eabi/lib/thumb/v6-m/nofp/libnosys.a(sbrk.o)
 .debug_abbrev  0x000000000000543b       0x14 /usr/lib/gcc/arm-none-eabi/9.2.1/thumb/v6-m/nofp/libgcc.a(_udivsi3.o)
 .debug_abbrev  0x000000000000544f       0x14 /usr/lib/gcc/arm-none-eabi/9.2.1/thumb/v6-m/nofp/libgcc.a(_dvmd_tls.o)

.debug_loc      0x0000000000000000    0x13734
 .debug_loc     0x0000000000000000      0x198 build/main.o
 .debug_loc     0x0000000000000198       0xc0 build/stm32f0xx_it.o
 .debug_loc     0x0000000000000258      0x104 build/stm32f0xx_hal_msp.o
 .debug_loc     0x000000000000035c     0x1a3f build/stm32f0xx_ll_usb.o
 .debug_loc     0x0000000000001d9b     0x17f5 build/stm32f0xx_hal_pcd.o
 .debug_loc     0x0000000000003590      0x2c8 build/stm32f0xx_hal_pcd_ex.o
 .debug_loc     0x0000000000003858      0x7d8 build/stm32f0xx_hal_rcc.o
 .debug_loc     0x0000000000004030      0x856 build/stm32f0xx_hal_rcc_ex.o
 .debug_loc     0x0000000000004886      0x1e1 build/stm32f0xx_hal.o
 .debug_loc     0x0000000000004a67      0x420 build/stm32f0xx_hal_gpio.o
 .debug_loc     0x0000000000004e87      0xa87 build/stm32f0xx_hal_dma.o
 .debug_loc     0x000000000000590e      0x473 build/stm32f0xx_hal_cortex.o
 .debug_loc     0x0000000000005d81      0x44f build/stm32f0xx_hal_flash.o
 .debug_loc     0x00000000000061d0      0x815 build/stm32f0xx_hal_flash_ex.o
 .debug_loc     0x00000000000069e5     0x600e build/stm32f0xx_hal_tim.o
 .debug_loc     0x000000000000c9f3     0x2698 build/stm32f0xx_hal_tim_ex.o
 .debug_loc     0x000000000000f08b      0x177 build/system_stm32f0xx.o
 .debug_loc     0x000000000000f202      0xa02 build/usbd_core.o
 .debug_loc     0x000000000000fc04      0xe90 build/usbd_ctlreq.o
 .debug_loc     0x0000000000010a94      0x364 build/usbd_ioreq.o
 .debug_loc     0x0000000000010df8       0x20 build/usb_device.o
 .debug_loc     0x0000000000010e18     0x103c build/usbd_conf.o
 .debug_loc     0x0000000000011e54      0x3b9 build/usbd_desc.o
 .debug_loc     0x000000000001220d      0x67d build/usbd_hid.o
 .debug_loc     0x000000000001288a       0x98 /usr/lib/gcc/arm-none-eabi/9.2.1/../../../arm-none-eabi/lib/thumb/v6-m/nofp/libc_nano.a(lib_a-init.o)
 .debug_loc     0x0000000000012922       0x64 /usr/lib/gcc/arm-none-eabi/9.2.1/../../../arm-none-eabi/lib/thumb/v6-m/nofp/libc_nano.a(lib_a-malloc.o)
 .debug_loc     0x0000000000012986      0x481 /usr/lib/gcc/arm-none-eabi/9.2.1/../../../arm-none-eabi/lib/thumb/v6-m/nofp/libc_nano.a(lib_a-memcpy-stub.o)
 .debug_loc     0x0000000000012e07      0x2df /usr/lib/gcc/arm-none-eabi/9.2.1/../../../arm-none-eabi/lib/thumb/v6-m/nofp/libc_nano.a(lib_a-memset.o)
 .debug_loc     0x00000000000130e6      0x1ca /usr/lib/gcc/arm-none-eabi/9.2.1/../../../arm-none-eabi/lib/thumb/v6-m/nofp/libc_nano.a(lib_a-nano-freer.o)
 .debug_loc     0x00000000000132b0      0x2cc /usr/lib/gcc/arm-none-eabi/9.2.1/../../../arm-none-eabi/lib/thumb/v6-m/nofp/libc_nano.a(lib_a-nano-mallocr.o)
 .debug_loc     0x000000000001357c       0x79 /usr/lib/gcc/arm-none-eabi/9.2.1/../../../arm-none-eabi/lib/thumb/v6-m/nofp/libc_nano.a(lib_a-sbrkr.o)
 .debug_loc     0x00000000000135f5       0xf4 /usr/lib/gcc/arm-none-eabi/9.2.1/../../../arm-none-eabi/lib/thumb/v6-m/nofp/libc_nano.a(lib_a-reent.o)
 .debug_loc     0x00000000000136e9       0x4b /usr/lib/gcc/arm-none-eabi/9.2.1/../../../arm-none-eabi/lib/thumb/v6-m/nofp/libnosys.a(sbrk.o)

.debug_aranges  0x0000000000000000     0x11e8
 .debug_aranges
                0x0000000000000000       0x48 build/main.o
 .debug_aranges
                0x0000000000000048       0x68 build/stm32f0xx_it.o
 .debug_aranges
                0x00000000000000b0       0x30 build/stm32f0xx_hal_msp.o
 .debug_aranges
                0x00000000000000e0       0xb0 build/stm32f0xx_ll_usb.o
 .debug_aranges
                0x0000000000000190      0x130 build/stm32f0xx_hal_pcd.o
 .debug_aranges
                0x00000000000002c0       0x58 build/stm32f0xx_hal_pcd_ex.o
 .debug_aranges
                0x0000000000000318       0x80 build/stm32f0xx_hal_rcc.o
 .debug_aranges
                0x0000000000000398       0x78 build/stm32f0xx_hal_rcc_ex.o
 .debug_aranges
                0x0000000000000410       0xd0 build/stm32f0xx_hal.o
 .debug_aranges
                0x00000000000004e0       0x58 build/stm32f0xx_hal_gpio.o
 .debug_aranges
                0x0000000000000538       0x88 build/stm32f0xx_hal_dma.o
 .debug_aranges
                0x00000000000005c0       0x78 build/stm32f0xx_hal_cortex.o
 .debug_aranges
                0x0000000000000638       0x88 build/stm32f0xx_hal_flash.o
 .debug_aranges
                0x00000000000006c0       0x98 build/stm32f0xx_hal_flash_ex.o
 .debug_aranges
                0x0000000000000758      0x3d0 build/stm32f0xx_hal_tim.o
 .debug_aranges
                0x0000000000000b28      0x168 build/stm32f0xx_hal_tim_ex.o
 .debug_aranges
                0x0000000000000c90       0x28 build/system_stm32f0xx.o
 .debug_aranges
                0x0000000000000cb8       0xb8 build/usbd_core.o
 .debug_aranges
                0x0000000000000d70       0x88 build/usbd_ctlreq.o
 .debug_aranges
                0x0000000000000df8       0x50 build/usbd_ioreq.o
 .debug_aranges
                0x0000000000000e48       0x20 build/usb_device.o
 .debug_aranges
                0x0000000000000e68      0x108 build/usbd_conf.o
 .debug_aranges
                0x0000000000000f70       0x50 build/usbd_desc.o
 .debug_aranges
                0x0000000000000fc0       0x68 build/usbd_hid.o
 .debug_aranges
                0x0000000000001028       0x28 build/startup_stm32f042x6.o
 .debug_aranges
                0x0000000000001050       0x18 /usr/lib/gcc/arm-none-eabi/9.2.1/../../../arm-none-eabi/lib/thumb/v6-m/nofp/libc_nano.a(lib_a-impure.o)
 .debug_aranges
                0x0000000000001068       0x20 /usr/lib/gcc/arm-none-eabi/9.2.1/../../../arm-none-eabi/lib/thumb/v6-m/nofp/libc_nano.a(lib_a-init.o)
 .debug_aranges
                0x0000000000001088       0x20 /usr/lib/gcc/arm-none-eabi/9.2.1/../../../arm-none-eabi/lib/thumb/v6-m/nofp/libc_nano.a(lib_a-malloc.o)
 .debug_aranges
                0x00000000000010a8       0x20 /usr/lib/gcc/arm-none-eabi/9.2.1/../../../arm-none-eabi/lib/thumb/v6-m/nofp/libc_nano.a(lib_a-memcpy-stub.o)
 .debug_aranges
                0x00000000000010c8       0x20 /usr/lib/gcc/arm-none-eabi/9.2.1/../../../arm-none-eabi/lib/thumb/v6-m/nofp/libc_nano.a(lib_a-memset.o)
 .debug_aranges
                0x00000000000010e8       0x20 /usr/lib/gcc/arm-none-eabi/9.2.1/../../../arm-none-eabi/lib/thumb/v6-m/nofp/libc_nano.a(lib_a-nano-freer.o)
 .debug_aranges
                0x0000000000001108       0x20 /usr/lib/gcc/arm-none-eabi/9.2.1/../../../arm-none-eabi/lib/thumb/v6-m/nofp/libc_nano.a(lib_a-nano-mallocr.o)
 .debug_aranges
                0x0000000000001128       0x20 /usr/lib/gcc/arm-none-eabi/9.2.1/../../../arm-none-eabi/lib/thumb/v6-m/nofp/libc_nano.a(lib_a-sbrkr.o)
 .debug_aranges
                0x0000000000001148       0x20 /usr/lib/gcc/arm-none-eabi/9.2.1/../../../arm-none-eabi/lib/thumb/v6-m/nofp/libc_nano.a(lib_a-mlock.o)
 .debug_aranges
                0x0000000000001168       0x20 /usr/lib/gcc/arm-none-eabi/9.2.1/../../../arm-none-eabi/lib/thumb/v6-m/nofp/libc_nano.a(lib_a-reent.o)
 .debug_aranges
                0x0000000000001188       0x20 /usr/lib/gcc/arm-none-eabi/9.2.1/../../../arm-none-eabi/lib/thumb/v6-m/nofp/libnosys.a(sbrk.o)
 .debug_aranges
                0x00000000000011a8       0x20 /usr/lib/gcc/arm-none-eabi/9.2.1/thumb/v6-m/nofp/libgcc.a(_udivsi3.o)
 .debug_aranges
                0x00000000000011c8       0x20 /usr/lib/gcc/arm-none-eabi/9.2.1/thumb/v6-m/nofp/libgcc.a(_dvmd_tls.o)

.debug_ranges   0x0000000000000000     0x12d8
 .debug_ranges  0x0000000000000000       0x50 build/main.o
 .debug_ranges  0x0000000000000050       0x58 build/stm32f0xx_it.o
 .debug_ranges  0x00000000000000a8       0x20 build/stm32f0xx_hal_msp.o
 .debug_ranges  0x00000000000000c8      0x2d8 build/stm32f0xx_ll_usb.o
 .debug_ranges  0x00000000000003a0      0x200 build/stm32f0xx_hal_pcd.o
 .debug_ranges  0x00000000000005a0       0x48 build/stm32f0xx_hal_pcd_ex.o
 .debug_ranges  0x00000000000005e8       0x88 build/stm32f0xx_hal_rcc.o
 .debug_ranges  0x0000000000000670       0x80 build/stm32f0xx_hal_rcc_ex.o
 .debug_ranges  0x00000000000006f0       0xc0 build/stm32f0xx_hal.o
 .debug_ranges  0x00000000000007b0       0x48 build/stm32f0xx_hal_gpio.o
 .debug_ranges  0x00000000000007f8       0x78 build/stm32f0xx_hal_dma.o
 .debug_ranges  0x0000000000000870       0xc8 build/stm32f0xx_hal_cortex.o
 .debug_ranges  0x0000000000000938       0x78 build/stm32f0xx_hal_flash.o
 .debug_ranges  0x00000000000009b0       0x88 build/stm32f0xx_hal_flash_ex.o
 .debug_ranges  0x0000000000000a38      0x3c0 build/stm32f0xx_hal_tim.o
 .debug_ranges  0x0000000000000df8      0x158 build/stm32f0xx_hal_tim_ex.o
 .debug_ranges  0x0000000000000f50       0x18 build/system_stm32f0xx.o
 .debug_ranges  0x0000000000000f68       0xa8 build/usbd_core.o
 .debug_ranges  0x0000000000001010       0x78 build/usbd_ctlreq.o
 .debug_ranges  0x0000000000001088       0x40 build/usbd_ioreq.o
 .debug_ranges  0x00000000000010c8       0x10 build/usb_device.o
 .debug_ranges  0x00000000000010d8       0xf8 build/usbd_conf.o
 .debug_ranges  0x00000000000011d0       0x40 build/usbd_desc.o
 .debug_ranges  0x0000000000001210       0x58 build/usbd_hid.o
 .debug_ranges  0x0000000000001268       0x20 build/startup_stm32f042x6.o
 .debug_ranges  0x0000000000001288       0x18 /usr/lib/gcc/arm-none-eabi/9.2.1/../../../arm-none-eabi/lib/thumb/v6-m/nofp/libc_nano.a(lib_a-nano-freer.o)
 .debug_ranges  0x00000000000012a0       0x38 /usr/lib/gcc/arm-none-eabi/9.2.1/../../../arm-none-eabi/lib/thumb/v6-m/nofp/libc_nano.a(lib_a-nano-mallocr.o)

.debug_line     0x0000000000000000    0x11a6b
 .debug_line    0x0000000000000000      0x6d1 build/main.o
 .debug_line    0x00000000000006d1      0x26a build/stm32f0xx_it.o
 .debug_line    0x000000000000093b      0x2a4 build/stm32f0xx_hal_msp.o
 .debug_line    0x0000000000000bdf     0x17f8 build/stm32f0xx_ll_usb.o
 .debug_line    0x00000000000023d7     0x18af build/stm32f0xx_hal_pcd.o
 .debug_line    0x0000000000003c86      0x3a8 build/stm32f0xx_hal_pcd_ex.o
 .debug_line    0x000000000000402e      0xbaf build/stm32f0xx_hal_rcc.o
 .debug_line    0x0000000000004bdd      0x850 build/stm32f0xx_hal_rcc_ex.o
 .debug_line    0x000000000000542d      0x46a build/stm32f0xx_hal.o
 .debug_line    0x0000000000005897      0x5e2 build/stm32f0xx_hal_gpio.o
 .debug_line    0x0000000000005e79      0x96d build/stm32f0xx_hal_dma.o
 .debug_line    0x00000000000067e6      0x4c0 build/stm32f0xx_hal_cortex.o
 .debug_line    0x0000000000006ca6      0x65b build/stm32f0xx_hal_flash.o
 .debug_line    0x0000000000007301      0x765 build/stm32f0xx_hal_flash_ex.o
 .debug_line    0x0000000000007a66     0x4970 build/stm32f0xx_hal_tim.o
 .debug_line    0x000000000000c3d6     0x1b3e build/stm32f0xx_hal_tim_ex.o
 .debug_line    0x000000000000df14      0x1da build/system_stm32f0xx.o
 .debug_line    0x000000000000e0ee      0x6ee build/usbd_core.o
 .debug_line    0x000000000000e7dc      0x903 build/usbd_ctlreq.o
 .debug_line    0x000000000000f0df      0x309 build/usbd_ioreq.o
 .debug_line    0x000000000000f3e8      0x1e3 build/usb_device.o
 .debug_line    0x000000000000f5cb      0x80e build/usbd_conf.o
 .debug_line    0x000000000000fdd9      0x305 build/usbd_desc.o
 .debug_line    0x00000000000100de      0x4dd build/usbd_hid.o
 .debug_line    0x00000000000105bb       0x89 build/startup_stm32f042x6.o
 .debug_line    0x0000000000010644       0xe3 /usr/lib/gcc/arm-none-eabi/9.2.1/../../../arm-none-eabi/lib/thumb/v6-m/nofp/libc_nano.a(lib_a-impure.o)
 .debug_line    0x0000000000010727       0xfc /usr/lib/gcc/arm-none-eabi/9.2.1/../../../arm-none-eabi/lib/thumb/v6-m/nofp/libc_nano.a(lib_a-init.o)
 .debug_line    0x0000000000010823      0x16e /usr/lib/gcc/arm-none-eabi/9.2.1/../../../arm-none-eabi/lib/thumb/v6-m/nofp/libc_nano.a(lib_a-malloc.o)
 .debug_line    0x0000000000010991      0x24d /usr/lib/gcc/arm-none-eabi/9.2.1/../../../arm-none-eabi/lib/thumb/v6-m/nofp/libc_nano.a(lib_a-memcpy-stub.o)
 .debug_line    0x0000000000010bde      0x281 /usr/lib/gcc/arm-none-eabi/9.2.1/../../../arm-none-eabi/lib/thumb/v6-m/nofp/libc_nano.a(lib_a-memset.o)
 .debug_line    0x0000000000010e5f      0x2ab /usr/lib/gcc/arm-none-eabi/9.2.1/../../../arm-none-eabi/lib/thumb/v6-m/nofp/libc_nano.a(lib_a-nano-freer.o)
 .debug_line    0x000000000001110a      0x2f2 /usr/lib/gcc/arm-none-eabi/9.2.1/../../../arm-none-eabi/lib/thumb/v6-m/nofp/libc_nano.a(lib_a-nano-mallocr.o)
 .debug_line    0x00000000000113fc      0x185 /usr/lib/gcc/arm-none-eabi/9.2.1/../../../arm-none-eabi/lib/thumb/v6-m/nofp/libc_nano.a(lib_a-sbrkr.o)
 .debug_line    0x0000000000011581      0x13d /usr/lib/gcc/arm-none-eabi/9.2.1/../../../arm-none-eabi/lib/thumb/v6-m/nofp/libc_nano.a(lib_a-mlock.o)
 .debug_line    0x00000000000116be      0x264 /usr/lib/gcc/arm-none-eabi/9.2.1/../../../arm-none-eabi/lib/thumb/v6-m/nofp/libc_nano.a(lib_a-reent.o)
 .debug_line    0x0000000000011922       0x7d /usr/lib/gcc/arm-none-eabi/9.2.1/../../../arm-none-eabi/lib/thumb/v6-m/nofp/libnosys.a(sbrk.o)
 .debug_line    0x000000000001199f       0x6c /usr/lib/gcc/arm-none-eabi/9.2.1/thumb/v6-m/nofp/libgcc.a(_udivsi3.o)
 .debug_line    0x0000000000011a0b       0x60 /usr/lib/gcc/arm-none-eabi/9.2.1/thumb/v6-m/nofp/libgcc.a(_dvmd_tls.o)

.debug_str      0x0000000000000000     0x589f
 .debug_str     0x0000000000000000     0x156b build/main.o
                                       0x171c (size before relaxing)
 .debug_str     0x000000000000156b      0x11d build/stm32f0xx_it.o
                                        0xb8d (size before relaxing)
 .debug_str     0x0000000000001688      0x256 build/stm32f0xx_hal_msp.o
                                        0x9ff (size before relaxing)
 .debug_str     0x00000000000018de      0x261 build/stm32f0xx_ll_usb.o
                                        0x6f3 (size before relaxing)
 .debug_str     0x0000000000001b3f      0x39b build/stm32f0xx_hal_pcd.o
                                        0xb46 (size before relaxing)
 .debug_str     0x0000000000001eda      0x1a7 build/stm32f0xx_hal_pcd_ex.o
                                        0x822 (size before relaxing)
 .debug_str     0x0000000000002081      0x1ea build/stm32f0xx_hal_rcc.o
                                        0x6bc (size before relaxing)
 .debug_str     0x000000000000226b      0x296 build/stm32f0xx_hal_rcc_ex.o
                                        0x6b5 (size before relaxing)
 .debug_str     0x0000000000002501      0x1be build/stm32f0xx_hal.o
                                        0x6e2 (size before relaxing)
 .debug_str     0x00000000000026bf      0x102 build/stm32f0xx_hal_gpio.o
                                        0x4b2 (size before relaxing)
 .debug_str     0x00000000000027c1      0x220 build/stm32f0xx_hal_dma.o
                                        0x6d2 (size before relaxing)
 .debug_str     0x00000000000029e1      0x1f6 build/stm32f0xx_hal_cortex.o
                                        0x6c2 (size before relaxing)
 .debug_str     0x0000000000002bd7      0x271 build/stm32f0xx_hal_flash.o
                                        0x5af (size before relaxing)
 .debug_str     0x0000000000002e48      0x239 build/stm32f0xx_hal_flash_ex.o
                                        0x69c (size before relaxing)
 .debug_str     0x0000000000003081      0xebe build/stm32f0xx_hal_tim.o
                                       0x16f1 (size before relaxing)
 .debug_str     0x0000000000003f3f      0x591 build/stm32f0xx_hal_tim_ex.o
                                        0xef2 (size before relaxing)
 .debug_str     0x00000000000044d0       0x3d build/system_stm32f0xx.o
                                        0x2fd (size before relaxing)
 .debug_str     0x000000000000450d      0x312 build/usbd_core.o
                                        0xcd2 (size before relaxing)
 .debug_str     0x000000000000481f      0x13c build/usbd_ctlreq.o
                                        0xbec (size before relaxing)
 .debug_str     0x000000000000495b       0x87 build/usbd_ioreq.o
                                        0xb19 (size before relaxing)
 .debug_str     0x00000000000049e2       0x1e build/usb_device.o
                                        0xa20 (size before relaxing)
 .debug_str     0x0000000000004a00       0x91 build/usbd_conf.o
                                       0x14cc (size before relaxing)
 .debug_str     0x0000000000004a91      0x110 build/usbd_desc.o
                                        0x892 (size before relaxing)
 .debug_str     0x0000000000004ba1      0x19c build/usbd_hid.o
                                        0xc7d (size before relaxing)
 .debug_str     0x0000000000004d3d       0x22 build/startup_stm32f042x6.o
                                         0x61 (size before relaxing)
 .debug_str     0x0000000000004d5f      0x1a3 /usr/lib/gcc/arm-none-eabi/9.2.1/../../../arm-none-eabi/lib/thumb/v6-m/nofp/libc_nano.a(lib_a-impure.o)
                                        0x5db (size before relaxing)
 .debug_str     0x0000000000004f02       0xf2 /usr/lib/gcc/arm-none-eabi/9.2.1/../../../arm-none-eabi/lib/thumb/v6-m/nofp/libc_nano.a(lib_a-init.o)
                                        0x222 (size before relaxing)
 .debug_str     0x0000000000004ff4       0xb0 /usr/lib/gcc/arm-none-eabi/9.2.1/../../../arm-none-eabi/lib/thumb/v6-m/nofp/libc_nano.a(lib_a-malloc.o)
                                        0x60c (size before relaxing)
 .debug_str     0x00000000000050a4      0x336 /usr/lib/gcc/arm-none-eabi/9.2.1/../../../arm-none-eabi/lib/thumb/v6-m/nofp/libc_nano.a(lib_a-memcpy-stub.o)
                                        0x92d (size before relaxing)
 .debug_str     0x00000000000053da       0x9f /usr/lib/gcc/arm-none-eabi/9.2.1/../../../arm-none-eabi/lib/thumb/v6-m/nofp/libc_nano.a(lib_a-memset.o)
                                        0x908 (size before relaxing)
 .debug_str     0x0000000000005479      0x137 /usr/lib/gcc/arm-none-eabi/9.2.1/../../../arm-none-eabi/lib/thumb/v6-m/nofp/libc_nano.a(lib_a-nano-freer.o)
                                        0x70b (size before relaxing)
 .debug_str     0x00000000000055b0       0x32 /usr/lib/gcc/arm-none-eabi/9.2.1/../../../arm-none-eabi/lib/thumb/v6-m/nofp/libc_nano.a(lib_a-nano-mallocr.o)
                                        0x722 (size before relaxing)
 .debug_str     0x00000000000055e2       0x6d /usr/lib/gcc/arm-none-eabi/9.2.1/../../../arm-none-eabi/lib/thumb/v6-m/nofp/libc_nano.a(lib_a-sbrkr.o)
                                        0x61e (size before relaxing)
 .debug_str     0x000000000000564f       0x4c /usr/lib/gcc/arm-none-eabi/9.2.1/../../../arm-none-eabi/lib/thumb/v6-m/nofp/libc_nano.a(lib_a-mlock.o)
                                        0x607 (size before relaxing)
 .debug_str     0x000000000000569b       0x5e /usr/lib/gcc/arm-none-eabi/9.2.1/../../../arm-none-eabi/lib/thumb/v6-m/nofp/libc_nano.a(lib_a-reent.o)
                                        0x617 (size before relaxing)
 .debug_str     0x00000000000056f9      0x10f /usr/lib/gcc/arm-none-eabi/9.2.1/../../../arm-none-eabi/lib/thumb/v6-m/nofp/libnosys.a(sbrk.o)
                                        0x128 (size before relaxing)
 .debug_str     0x0000000000005808       0x97 /usr/lib/gcc/arm-none-eabi/9.2.1/thumb/v6-m/nofp/libgcc.a(_udivsi3.o)
                                         0xa3 (size before relaxing)
 .debug_str     0x000000000000589f       0xa3 /usr/lib/gcc/arm-none-eabi/9.2.1/thumb/v6-m/nofp/libgcc.a(_dvmd_tls.o)

.debug_frame    0x0000000000000000     0x2a90
 .debug_frame   0x0000000000000000       0xb4 build/main.o
 .debug_frame   0x00000000000000b4       0xe0 build/stm32f0xx_it.o
 .debug_frame   0x0000000000000194       0x58 build/stm32f0xx_hal_msp.o
 .debug_frame   0x00000000000001ec      0x184 build/stm32f0xx_ll_usb.o
 .debug_frame   0x0000000000000370      0x338 build/stm32f0xx_hal_pcd.o
 .debug_frame   0x00000000000006a8       0xa4 build/stm32f0xx_hal_pcd_ex.o
 .debug_frame   0x000000000000074c      0x13c build/stm32f0xx_hal_rcc.o
 .debug_frame   0x0000000000000888       0xfc build/stm32f0xx_hal_rcc_ex.o
 .debug_frame   0x0000000000000984      0x1ac build/stm32f0xx_hal.o
 .debug_frame   0x0000000000000b30       0xc0 build/stm32f0xx_hal_gpio.o
 .debug_frame   0x0000000000000bf0      0x168 build/stm32f0xx_hal_dma.o
 .debug_frame   0x0000000000000d58       0xe4 build/stm32f0xx_hal_cortex.o
 .debug_frame   0x0000000000000e3c      0x144 build/stm32f0xx_hal_flash.o
 .debug_frame   0x0000000000000f80      0x178 build/stm32f0xx_hal_flash_ex.o
 .debug_frame   0x00000000000010f8      0xad0 build/stm32f0xx_hal_tim.o
 .debug_frame   0x0000000000001bc8      0x420 build/stm32f0xx_hal_tim_ex.o
 .debug_frame   0x0000000000001fe8       0x38 build/system_stm32f0xx.o
 .debug_frame   0x0000000000002020      0x1bc build/usbd_core.o
 .debug_frame   0x00000000000021dc      0x168 build/usbd_ctlreq.o
 .debug_frame   0x0000000000002344       0xb8 build/usbd_ioreq.o
 .debug_frame   0x00000000000023fc       0x28 build/usb_device.o
 .debug_frame   0x0000000000002424      0x2d0 build/usbd_conf.o
 .debug_frame   0x00000000000026f4       0xa8 build/usbd_desc.o
 .debug_frame   0x000000000000279c       0xe4 build/usbd_hid.o
 .debug_frame   0x0000000000002880       0x2c /usr/lib/gcc/arm-none-eabi/9.2.1/../../../arm-none-eabi/lib/thumb/v6-m/nofp/libc_nano.a(lib_a-init.o)
 .debug_frame   0x00000000000028ac       0x40 /usr/lib/gcc/arm-none-eabi/9.2.1/../../../arm-none-eabi/lib/thumb/v6-m/nofp/libc_nano.a(lib_a-malloc.o)
 .debug_frame   0x00000000000028ec       0x34 /usr/lib/gcc/arm-none-eabi/9.2.1/../../../arm-none-eabi/lib/thumb/v6-m/nofp/libc_nano.a(lib_a-memcpy-stub.o)
 .debug_frame   0x0000000000002920       0x30 /usr/lib/gcc/arm-none-eabi/9.2.1/../../../arm-none-eabi/lib/thumb/v6-m/nofp/libc_nano.a(lib_a-memset.o)
 .debug_frame   0x0000000000002950       0x2c /usr/lib/gcc/arm-none-eabi/9.2.1/../../../arm-none-eabi/lib/thumb/v6-m/nofp/libc_nano.a(lib_a-nano-freer.o)
 .debug_frame   0x000000000000297c       0x30 /usr/lib/gcc/arm-none-eabi/9.2.1/../../../arm-none-eabi/lib/thumb/v6-m/nofp/libc_nano.a(lib_a-nano-mallocr.o)
 .debug_frame   0x00000000000029ac       0x2c /usr/lib/gcc/arm-none-eabi/9.2.1/../../../arm-none-eabi/lib/thumb/v6-m/nofp/libc_nano.a(lib_a-sbrkr.o)
 .debug_frame   0x00000000000029d8       0x30 /usr/lib/gcc/arm-none-eabi/9.2.1/../../../arm-none-eabi/lib/thumb/v6-m/nofp/libc_nano.a(lib_a-mlock.o)
 .debug_frame   0x0000000000002a08       0x48 /usr/lib/gcc/arm-none-eabi/9.2.1/../../../arm-none-eabi/lib/thumb/v6-m/nofp/libc_nano.a(lib_a-reent.o)
 .debug_frame   0x0000000000002a50       0x20 /usr/lib/gcc/arm-none-eabi/9.2.1/../../../arm-none-eabi/lib/thumb/v6-m/nofp/libnosys.a(sbrk.o)
 .debug_frame   0x0000000000002a70       0x20 /usr/lib/gcc/arm-none-eabi/9.2.1/thumb/v6-m/nofp/libgcc.a(_udivsi3.o)

Cross Reference Table

Symbol                                            File
ADC1_IRQHandler                                   build/startup_stm32f042x6.o
AHBPrescTable                                     build/system_stm32f0xx.o
                                                  build/stm32f0xx_hal_rcc.o
APBPrescTable                                     build/system_stm32f0xx.o
                                                  build/stm32f0xx_hal_rcc.o
CEC_CAN_IRQHandler                                build/startup_stm32f042x6.o
DMA1_Channel1_IRQHandler                          build/startup_stm32f042x6.o
DMA1_Channel2_3_IRQHandler                        build/stm32f0xx_it.o
DMA1_Channel4_5_IRQHandler                        build/stm32f0xx_it.o
Default_Handler                                   build/startup_stm32f042x6.o
EXTI0_1_IRQHandler                                build/startup_stm32f042x6.o
EXTI2_3_IRQHandler                                build/startup_stm32f042x6.o
EXTI4_15_IRQHandler                               build/startup_stm32f042x6.o
Error_Handler                                     build/main.o
                                                  build/stm32f0xx_hal_msp.o
FLASH_IRQHandler                                  build/startup_stm32f042x6.o
FLASH_PageErase                                   build/stm32f0xx_hal_flash_ex.o
                                                  build/stm32f0xx_hal_flash.o
FLASH_WaitForLastOperation                        build/stm32f0xx_hal_flash.o
                                                  build/stm32f0xx_hal_flash_ex.o
FS_Desc                                           build/usbd_desc.o
                                                  build/usb_device.o
HAL_DBGMCU_DisableDBGStandbyMode                  build/stm32f0xx_hal.o
HAL_DBGMCU_DisableDBGStopMode                     build/stm32f0xx_hal.o
HAL_DBGMCU_EnableDBGStandbyMode                   build/stm32f0xx_hal.o
HAL_DBGMCU_EnableDBGStopMode                      build/stm32f0xx_hal.o
HAL_DMA_Abort                                     build/stm32f0xx_hal_dma.o
HAL_DMA_Abort_IT                                  build/stm32f0xx_hal_dma.o
                                                  build/stm32f0xx_hal_tim_ex.o
                                                  build/stm32f0xx_hal_tim.o
                                                  build/stm32f0xx_hal_i2c.o
HAL_DMA_DeInit                                    build/stm32f0xx_hal_dma.o
                                                  build/stm32f0xx_hal_msp.o
HAL_DMA_GetError                                  build/stm32f0xx_hal_dma.o
HAL_DMA_GetState                                  build/stm32f0xx_hal_dma.o
                                                  build/stm32f0xx_hal_i2c.o
HAL_DMA_IRQHandler                                build/stm32f0xx_hal_dma.o
                                                  build/stm32f0xx_it.o
HAL_DMA_Init                                      build/stm32f0xx_hal_dma.o
                                                  build/stm32f0xx_hal_msp.o
HAL_DMA_PollForTransfer                           build/stm32f0xx_hal_dma.o
HAL_DMA_RegisterCallback                          build/stm32f0xx_hal_dma.o
HAL_DMA_Start                                     build/stm32f0xx_hal_dma.o
HAL_DMA_Start_IT                                  build/stm32f0xx_hal_dma.o
                                                  build/stm32f0xx_hal_tim_ex.o
                                                  build/stm32f0xx_hal_tim.o
                                                  build/stm32f0xx_hal_i2c.o
HAL_DMA_UnRegisterCallback                        build/stm32f0xx_hal_dma.o
HAL_DeInit                                        build/stm32f0xx_hal.o
HAL_Delay                                         build/stm32f0xx_hal.o
                                                  build/usbd_conf.o
                                                  build/stm32f0xx_hal_pcd_ex.o
                                                  build/main.o
HAL_EXTI_ClearConfigLine                          build/stm32f0xx_hal_exti.o
HAL_EXTI_ClearPending                             build/stm32f0xx_hal_exti.o
HAL_EXTI_GenerateSWI                              build/stm32f0xx_hal_exti.o
HAL_EXTI_GetConfigLine                            build/stm32f0xx_hal_exti.o
HAL_EXTI_GetHandle                                build/stm32f0xx_hal_exti.o
HAL_EXTI_GetPending                               build/stm32f0xx_hal_exti.o
HAL_EXTI_IRQHandler                               build/stm32f0xx_hal_exti.o
HAL_EXTI_RegisterCallback                         build/stm32f0xx_hal_exti.o
HAL_EXTI_SetConfigLine                            build/stm32f0xx_hal_exti.o
HAL_FLASHEx_Erase                                 build/stm32f0xx_hal_flash_ex.o
                                                  build/main.o
HAL_FLASHEx_Erase_IT                              build/stm32f0xx_hal_flash_ex.o
HAL_FLASHEx_OBErase                               build/stm32f0xx_hal_flash_ex.o
HAL_FLASHEx_OBGetConfig                           build/stm32f0xx_hal_flash_ex.o
HAL_FLASHEx_OBGetUserData                         build/stm32f0xx_hal_flash_ex.o
HAL_FLASHEx_OBProgram                             build/stm32f0xx_hal_flash_ex.o
HAL_FLASH_EndOfOperationCallback                  build/stm32f0xx_hal_flash.o
HAL_FLASH_GetError                                build/stm32f0xx_hal_flash.o
HAL_FLASH_IRQHandler                              build/stm32f0xx_hal_flash.o
HAL_FLASH_Lock                                    build/stm32f0xx_hal_flash.o
HAL_FLASH_OB_Launch                               build/stm32f0xx_hal_flash.o
HAL_FLASH_OB_Lock                                 build/stm32f0xx_hal_flash.o
HAL_FLASH_OB_Unlock                               build/stm32f0xx_hal_flash.o
HAL_FLASH_OperationErrorCallback                  build/stm32f0xx_hal_flash.o
HAL_FLASH_Program                                 build/stm32f0xx_hal_flash.o
HAL_FLASH_Program_IT                              build/stm32f0xx_hal_flash.o
HAL_FLASH_Unlock                                  build/stm32f0xx_hal_flash.o
                                                  build/main.o
HAL_GPIO_DeInit                                   build/stm32f0xx_hal_gpio.o
HAL_GPIO_EXTI_Callback                            build/stm32f0xx_hal_gpio.o
HAL_GPIO_EXTI_IRQHandler                          build/stm32f0xx_hal_gpio.o
HAL_GPIO_Init                                     build/stm32f0xx_hal_gpio.o
                                                  build/stm32f0xx_hal_rcc.o
                                                  build/main.o
HAL_GPIO_LockPin                                  build/stm32f0xx_hal_gpio.o
HAL_GPIO_ReadPin                                  build/stm32f0xx_hal_gpio.o
HAL_GPIO_TogglePin                                build/stm32f0xx_hal_gpio.o
HAL_GPIO_WritePin                                 build/stm32f0xx_hal_gpio.o
                                                  build/main.o
HAL_GetDEVID                                      build/stm32f0xx_hal.o
HAL_GetHalVersion                                 build/stm32f0xx_hal.o
HAL_GetREVID                                      build/stm32f0xx_hal.o
HAL_GetTick                                       build/stm32f0xx_hal.o
                                                  build/stm32f0xx_hal_flash.o
                                                  build/stm32f0xx_hal_dma.o
                                                  build/stm32f0xx_hal_i2c.o
                                                  build/stm32f0xx_hal_rcc_ex.o
                                                  build/stm32f0xx_hal_rcc.o
                                                  build/stm32f0xx_hal_pcd_ex.o
HAL_GetTickFreq                                   build/stm32f0xx_hal.o
HAL_GetTickPrio                                   build/stm32f0xx_hal.o
HAL_GetUIDw0                                      build/stm32f0xx_hal.o
HAL_GetUIDw1                                      build/stm32f0xx_hal.o
HAL_GetUIDw2                                      build/stm32f0xx_hal.o
HAL_I2CEx_ConfigAnalogFilter                      build/stm32f0xx_hal_i2c_ex.o
HAL_I2CEx_ConfigDigitalFilter                     build/stm32f0xx_hal_i2c_ex.o
HAL_I2CEx_DisableFastModePlus                     build/stm32f0xx_hal_i2c_ex.o
HAL_I2CEx_DisableWakeUp                           build/stm32f0xx_hal_i2c_ex.o
HAL_I2CEx_EnableFastModePlus                      build/stm32f0xx_hal_i2c_ex.o
HAL_I2CEx_EnableWakeUp                            build/stm32f0xx_hal_i2c_ex.o
HAL_I2C_AbortCpltCallback                         build/stm32f0xx_hal_i2c.o
HAL_I2C_AddrCallback                              build/stm32f0xx_hal_i2c.o
HAL_I2C_DeInit                                    build/stm32f0xx_hal_i2c.o
HAL_I2C_DisableListen_IT                          build/stm32f0xx_hal_i2c.o
HAL_I2C_ER_IRQHandler                             build/stm32f0xx_hal_i2c.o
HAL_I2C_EV_IRQHandler                             build/stm32f0xx_hal_i2c.o
HAL_I2C_EnableListen_IT                           build/stm32f0xx_hal_i2c.o
HAL_I2C_ErrorCallback                             build/stm32f0xx_hal_i2c.o
HAL_I2C_GetError                                  build/stm32f0xx_hal_i2c.o
HAL_I2C_GetMode                                   build/stm32f0xx_hal_i2c.o
HAL_I2C_GetState                                  build/stm32f0xx_hal_i2c.o
HAL_I2C_Init                                      build/stm32f0xx_hal_i2c.o
HAL_I2C_IsDeviceReady                             build/stm32f0xx_hal_i2c.o
HAL_I2C_ListenCpltCallback                        build/stm32f0xx_hal_i2c.o
HAL_I2C_MasterRxCpltCallback                      build/stm32f0xx_hal_i2c.o
HAL_I2C_MasterTxCpltCallback                      build/stm32f0xx_hal_i2c.o
HAL_I2C_Master_Abort_IT                           build/stm32f0xx_hal_i2c.o
HAL_I2C_Master_Receive                            build/stm32f0xx_hal_i2c.o
HAL_I2C_Master_Receive_DMA                        build/stm32f0xx_hal_i2c.o
HAL_I2C_Master_Receive_IT                         build/stm32f0xx_hal_i2c.o
HAL_I2C_Master_Seq_Receive_DMA                    build/stm32f0xx_hal_i2c.o
HAL_I2C_Master_Seq_Receive_IT                     build/stm32f0xx_hal_i2c.o
HAL_I2C_Master_Seq_Transmit_DMA                   build/stm32f0xx_hal_i2c.o
HAL_I2C_Master_Seq_Transmit_IT                    build/stm32f0xx_hal_i2c.o
HAL_I2C_Master_Transmit                           build/stm32f0xx_hal_i2c.o
HAL_I2C_Master_Transmit_DMA                       build/stm32f0xx_hal_i2c.o
HAL_I2C_Master_Transmit_IT                        build/stm32f0xx_hal_i2c.o
HAL_I2C_MemRxCpltCallback                         build/stm32f0xx_hal_i2c.o
HAL_I2C_MemTxCpltCallback                         build/stm32f0xx_hal_i2c.o
HAL_I2C_Mem_Read                                  build/stm32f0xx_hal_i2c.o
HAL_I2C_Mem_Read_DMA                              build/stm32f0xx_hal_i2c.o
HAL_I2C_Mem_Read_IT                               build/stm32f0xx_hal_i2c.o
HAL_I2C_Mem_Write                                 build/stm32f0xx_hal_i2c.o
HAL_I2C_Mem_Write_DMA                             build/stm32f0xx_hal_i2c.o
HAL_I2C_Mem_Write_IT                              build/stm32f0xx_hal_i2c.o
HAL_I2C_MspDeInit                                 build/stm32f0xx_hal_i2c.o
HAL_I2C_MspInit                                   build/stm32f0xx_hal_i2c.o
HAL_I2C_SlaveRxCpltCallback                       build/stm32f0xx_hal_i2c.o
HAL_I2C_SlaveTxCpltCallback                       build/stm32f0xx_hal_i2c.o
HAL_I2C_Slave_Receive                             build/stm32f0xx_hal_i2c.o
HAL_I2C_Slave_Receive_DMA                         build/stm32f0xx_hal_i2c.o
HAL_I2C_Slave_Receive_IT                          build/stm32f0xx_hal_i2c.o
HAL_I2C_Slave_Seq_Receive_DMA                     build/stm32f0xx_hal_i2c.o
HAL_I2C_Slave_Seq_Receive_IT                      build/stm32f0xx_hal_i2c.o
HAL_I2C_Slave_Seq_Transmit_DMA                    build/stm32f0xx_hal_i2c.o
HAL_I2C_Slave_Seq_Transmit_IT                     build/stm32f0xx_hal_i2c.o
HAL_I2C_Slave_Transmit                            build/stm32f0xx_hal_i2c.o
HAL_I2C_Slave_Transmit_DMA                        build/stm32f0xx_hal_i2c.o
HAL_I2C_Slave_Transmit_IT                         build/stm32f0xx_hal_i2c.o
HAL_IncTick                                       build/stm32f0xx_hal.o
                                                  build/stm32f0xx_it.o
HAL_Init                                          build/stm32f0xx_hal.o
                                                  build/main.o
HAL_InitTick                                      build/stm32f0xx_hal.o
                                                  build/stm32f0xx_hal_rcc.o
HAL_MspDeInit                                     build/stm32f0xx_hal.o
HAL_MspInit                                       build/stm32f0xx_hal_msp.o
HAL_NVIC_ClearPendingIRQ                          build/stm32f0xx_hal_cortex.o
HAL_NVIC_DisableIRQ                               build/stm32f0xx_hal_cortex.o
                                                  build/usbd_conf.o
                                                  build/stm32f0xx_hal_msp.o
HAL_NVIC_EnableIRQ                                build/stm32f0xx_hal_cortex.o
                                                  build/usbd_conf.o
                                                  build/stm32f0xx_hal_msp.o
HAL_NVIC_GetPendingIRQ                            build/stm32f0xx_hal_cortex.o
HAL_NVIC_GetPriority                              build/stm32f0xx_hal_cortex.o
HAL_NVIC_SetPendingIRQ                            build/stm32f0xx_hal_cortex.o
HAL_NVIC_SetPriority                              build/stm32f0xx_hal_cortex.o
                                                  build/usbd_conf.o
                                                  build/stm32f0xx_hal.o
                                                  build/stm32f0xx_hal_msp.o
HAL_NVIC_SystemReset                              build/stm32f0xx_hal_cortex.o
HAL_PCDEx_ActivateBCD                             build/stm32f0xx_hal_pcd_ex.o
HAL_PCDEx_ActivateLPM                             build/stm32f0xx_hal_pcd_ex.o
                                                  build/stm32f0xx_hal_pcd.o
HAL_PCDEx_BCD_Callback                            build/stm32f0xx_hal_pcd_ex.o
HAL_PCDEx_BCD_VBUSDetect                          build/stm32f0xx_hal_pcd_ex.o
HAL_PCDEx_DeActivateBCD                           build/stm32f0xx_hal_pcd_ex.o
HAL_PCDEx_DeActivateLPM                           build/stm32f0xx_hal_pcd_ex.o
HAL_PCDEx_LPM_Callback                            build/stm32f0xx_hal_pcd_ex.o
                                                  build/stm32f0xx_hal_pcd.o
HAL_PCDEx_PMAConfig                               build/stm32f0xx_hal_pcd_ex.o
                                                  build/usbd_conf.o
HAL_PCDEx_SetConnectionState                      build/usbd_conf.o
HAL_PCD_ActivateRemoteWakeup                      build/stm32f0xx_hal_pcd.o
HAL_PCD_ConnectCallback                           build/usbd_conf.o
                                                  build/stm32f0xx_hal_pcd.o
HAL_PCD_DataInStageCallback                       build/usbd_conf.o
                                                  build/stm32f0xx_hal_pcd.o
HAL_PCD_DataOutStageCallback                      build/usbd_conf.o
                                                  build/stm32f0xx_hal_pcd.o